Archive member included to satisfy reference by file (symbol)

c:/cseapp/codelite/tools/gcc-arm/bin/../lib/gcc/arm-none-eabi/7.2.1/../../../../arm-none-eabi/lib/thumb/v7e-m/fpv4-sp/hard\libc_nano.a(lib_a-atoi.o)
                              ./Debug/application.c.o (atoi)
c:/cseapp/codelite/tools/gcc-arm/bin/../lib/gcc/arm-none-eabi/7.2.1/../../../../arm-none-eabi/lib/thumb/v7e-m/fpv4-sp/hard\libc_nano.a(lib_a-snprintf.o)
                              ./Debug/application.c.o (snprintf)
c:/cseapp/codelite/tools/gcc-arm/bin/../lib/gcc/arm-none-eabi/7.2.1/../../../../arm-none-eabi/lib/thumb/v7e-m/fpv4-sp/hard\libc_nano.a(lib_a-strtol.o)
                              c:/cseapp/codelite/tools/gcc-arm/bin/../lib/gcc/arm-none-eabi/7.2.1/../../../../arm-none-eabi/lib/thumb/v7e-m/fpv4-sp/hard\libc_nano.a(lib_a-atoi.o) (_strtol_r)
c:/cseapp/codelite/tools/gcc-arm/bin/../lib/gcc/arm-none-eabi/7.2.1/../../../../arm-none-eabi/lib/thumb/v7e-m/fpv4-sp/hard\libc_nano.a(lib_a-impure.o)
                              c:/cseapp/codelite/tools/gcc-arm/bin/../lib/gcc/arm-none-eabi/7.2.1/../../../../arm-none-eabi/lib/thumb/v7e-m/fpv4-sp/hard\libc_nano.a(lib_a-snprintf.o) (_impure_ptr)
c:/cseapp/codelite/tools/gcc-arm/bin/../lib/gcc/arm-none-eabi/7.2.1/../../../../arm-none-eabi/lib/thumb/v7e-m/fpv4-sp/hard\libc_nano.a(lib_a-locale.o)
                              c:/cseapp/codelite/tools/gcc-arm/bin/../lib/gcc/arm-none-eabi/7.2.1/../../../../arm-none-eabi/lib/thumb/v7e-m/fpv4-sp/hard\libc_nano.a(lib_a-strtol.o) (__locale_ctype_ptr_l)
c:/cseapp/codelite/tools/gcc-arm/bin/../lib/gcc/arm-none-eabi/7.2.1/../../../../arm-none-eabi/lib/thumb/v7e-m/fpv4-sp/hard\libc_nano.a(lib_a-mbtowc_r.o)
                              c:/cseapp/codelite/tools/gcc-arm/bin/../lib/gcc/arm-none-eabi/7.2.1/../../../../arm-none-eabi/lib/thumb/v7e-m/fpv4-sp/hard\libc_nano.a(lib_a-locale.o) (__ascii_mbtowc)
c:/cseapp/codelite/tools/gcc-arm/bin/../lib/gcc/arm-none-eabi/7.2.1/../../../../arm-none-eabi/lib/thumb/v7e-m/fpv4-sp/hard\libc_nano.a(lib_a-nano-svfprintf.o)
                              c:/cseapp/codelite/tools/gcc-arm/bin/../lib/gcc/arm-none-eabi/7.2.1/../../../../arm-none-eabi/lib/thumb/v7e-m/fpv4-sp/hard\libc_nano.a(lib_a-snprintf.o) (_svfprintf_r)
c:/cseapp/codelite/tools/gcc-arm/bin/../lib/gcc/arm-none-eabi/7.2.1/../../../../arm-none-eabi/lib/thumb/v7e-m/fpv4-sp/hard\libc_nano.a(lib_a-nano-vfprintf_i.o)
                              c:/cseapp/codelite/tools/gcc-arm/bin/../lib/gcc/arm-none-eabi/7.2.1/../../../../arm-none-eabi/lib/thumb/v7e-m/fpv4-sp/hard\libc_nano.a(lib_a-nano-svfprintf.o) (_printf_i)
c:/cseapp/codelite/tools/gcc-arm/bin/../lib/gcc/arm-none-eabi/7.2.1/../../../../arm-none-eabi/lib/thumb/v7e-m/fpv4-sp/hard\libc_nano.a(lib_a-strcmp.o)
                              c:/cseapp/codelite/tools/gcc-arm/bin/../lib/gcc/arm-none-eabi/7.2.1/../../../../arm-none-eabi/lib/thumb/v7e-m/fpv4-sp/hard\libc_nano.a(lib_a-locale.o) (strcmp)
c:/cseapp/codelite/tools/gcc-arm/bin/../lib/gcc/arm-none-eabi/7.2.1/../../../../arm-none-eabi/lib/thumb/v7e-m/fpv4-sp/hard\libc_nano.a(lib_a-wctomb_r.o)
                              c:/cseapp/codelite/tools/gcc-arm/bin/../lib/gcc/arm-none-eabi/7.2.1/../../../../arm-none-eabi/lib/thumb/v7e-m/fpv4-sp/hard\libc_nano.a(lib_a-locale.o) (__ascii_wctomb)
c:/cseapp/codelite/tools/gcc-arm/bin/../lib/gcc/arm-none-eabi/7.2.1/../../../../arm-none-eabi/lib/thumb/v7e-m/fpv4-sp/hard\libc_nano.a(lib_a-ctype_.o)
                              c:/cseapp/codelite/tools/gcc-arm/bin/../lib/gcc/arm-none-eabi/7.2.1/../../../../arm-none-eabi/lib/thumb/v7e-m/fpv4-sp/hard\libc_nano.a(lib_a-locale.o) (_ctype_)
c:/cseapp/codelite/tools/gcc-arm/bin/../lib/gcc/arm-none-eabi/7.2.1/../../../../arm-none-eabi/lib/thumb/v7e-m/fpv4-sp/hard\libc_nano.a(lib_a-memchr.o)
                              c:/cseapp/codelite/tools/gcc-arm/bin/../lib/gcc/arm-none-eabi/7.2.1/../../../../arm-none-eabi/lib/thumb/v7e-m/fpv4-sp/hard\libc_nano.a(lib_a-nano-svfprintf.o) (memchr)
c:/cseapp/codelite/tools/gcc-arm/bin/../lib/gcc/arm-none-eabi/7.2.1/../../../../arm-none-eabi/lib/thumb/v7e-m/fpv4-sp/hard\libc_nano.a(lib_a-memcpy-stub.o)
                              c:/cseapp/codelite/tools/gcc-arm/bin/../lib/gcc/arm-none-eabi/7.2.1/../../../../arm-none-eabi/lib/thumb/v7e-m/fpv4-sp/hard\libc_nano.a(lib_a-nano-svfprintf.o) (memcpy)
c:/cseapp/codelite/tools/gcc-arm/bin/../lib/gcc/arm-none-eabi/7.2.1/../../../../arm-none-eabi/lib/thumb/v7e-m/fpv4-sp/hard\libc_nano.a(lib_a-memmove.o)
                              c:/cseapp/codelite/tools/gcc-arm/bin/../lib/gcc/arm-none-eabi/7.2.1/../../../../arm-none-eabi/lib/thumb/v7e-m/fpv4-sp/hard\libc_nano.a(lib_a-nano-svfprintf.o) (memmove)
c:/cseapp/codelite/tools/gcc-arm/bin/../lib/gcc/arm-none-eabi/7.2.1/../../../../arm-none-eabi/lib/thumb/v7e-m/fpv4-sp/hard\libc_nano.a(lib_a-nano-freer.o)
[...]
Memory Configuration

Name             Origin             Length             Attributes
RAM              0x20000000         0x0001c000         xrw
*default*        0x00000000         0xffffffff

Linker script and memory map

LOAD ./Debug/driver_src_stm32f4xx_syscfg.c.o
LOAD ./Debug/driver_src_stm32f4xx_usart.c.o
LOAD ./Debug/driver_src_stm32f4xx_rcc.c.o
LOAD ./Debug/driver_src_stm32f4xx_gpio.c.o
LOAD ./Debug/TinyTimber.c.o
LOAD ./Debug/driver_src_stm32f4xx_can.c.o
LOAD ./Debug/driver_src_stm32f4xx_tim.c.o
LOAD ./Debug/application.c.o
LOAD ./Debug/driver_src_stm32f4xx_dac.c.o
LOAD ./Debug/driver_src_stm32f4xx_exti.c.o
LOAD ./Debug/dispatch.s.o
LOAD ./Debug/sciTinyTimber.c.o
LOAD ./Debug/canTinyTimber.c.o
LOAD ./Debug/startup.c.o
LOAD c:/cseapp/codelite/tools/gcc-arm/bin/../lib/gcc/arm-none-eabi/7.2.1/../../../../arm-none-eabi/lib/thumb/v7e-m/fpv4-sp/hard\libstdc++_nano.a
LOAD c:/cseapp/codelite/tools/gcc-arm/bin/../lib/gcc/arm-none-eabi/7.2.1/../../../../arm-none-eabi/lib/thumb/v7e-m/fpv4-sp/hard\libm.a
START GROUP
LOAD c:/cseapp/codelite/tools/gcc-arm/bin/../lib/gcc/arm-none-eabi/7.2.1/thumb/v7e-m/fpv4-sp/hard\libgcc.a
LOAD c:/cseapp/codelite/tools/gcc-arm/bin/../lib/gcc/arm-none-eabi/7.2.1/../../../../arm-none-eabi/lib/thumb/v7e-m/fpv4-sp/hard\libc_nano.a
END GROUP
START GROUP
LOAD c:/cseapp/codelite/tools/gcc-arm/bin/../lib/gcc/arm-none-eabi/7.2.1/thumb/v7e-m/fpv4-sp/hard\libgcc.a
LOAD c:/cseapp/codelite/tools/gcc-arm/bin/../lib/gcc/arm-none-eabi/7.2.1/../../../../arm-none-eabi/lib/thumb/v7e-m/fpv4-sp/hard\libc_nano.a
END GROUP

.text           0x20000000     0x7b8c
                0x20000000                . = ALIGN (0x4)
 *(.start_section)
 .start_section
                0x20000000       0x1c ./Debug/startup.c.o
                0x20000000                startup
 *(.text)
 .text          0x2000001c      0x154 ./Debug/driver_src_stm32f4xx_syscfg.c.o
                0x2000001c                SYSCFG_DeInit
                0x20000038                SYSCFG_MemoryRemapConfig
                0x20000058                SYSCFG_MemorySwappingBank
                0x20000078                SYSCFG_EXTILineConfig
                0x200000fc                SYSCFG_ETH_MediaInterfaceConfig
                0x2000011c                SYSCFG_CompensationCellCmd
                0x2000013c                SYSCFG_GetCompensationCellStatus
 .text          0x20000170      0x970 ./Debug/driver_src_stm32f4xx_usart.c.o
                0x20000170                USART_DeInit
                0x20000288                USART_Init
                0x200003fc                USART_StructInit
                0x20000436                USART_ClockInit
                0x2000048c                USART_ClockStructInit
                0x200004b8                USART_Cmd
                0x200004f8                USART_SetPrescaler
                0x20000532                USART_OverSampling8Cmd
                0x20000576                USART_OneBitMethodCmd
                0x200005b6                USART_SendData
                0x200005da                USART_ReceiveData
                0x200005fa                USART_SetAddress
                0x20000634                USART_ReceiverWakeUpCmd
                0x20000674                USART_WakeUpConfig
                0x200006ac                USART_LINBreakDetectLengthConfig
                0x200006e4                USART_LINCmd
                0x20000724                USART_SendBreak
                0x20000748                USART_HalfDuplexCmd
                0x20000788                USART_SetGuardTime
                0x200007c4                USART_SmartCardCmd
                0x20000804                USART_SmartCardNACKCmd
                0x20000844                USART_IrDAConfig
                0x2000087c                USART_IrDACmd
                0x200008bc                USART_DMACmd
                0x20000904                USART_ITConfig
                0x20000994                USART_GetFlagStatus
                0x200009cc                USART_ClearFlag
                0x200009ee                USART_GetITStatus
                0x20000aa4                USART_ClearITPendingBit
 .text          0x20000ae0      0xca4 ./Debug/driver_src_stm32f4xx_rcc.c.o
                0x20000ae0                RCC_DeInit
                0x20000b50                RCC_HSEConfig
                0x20000b78                RCC_WaitForHSEStartUp
                0x20000bc8                RCC_AdjustHSICalibrationValue
                0x20000c04                RCC_HSICmd
                0x20000c24                RCC_LSEConfig
                0x20000c68                RCC_LSICmd
                0x20000c88                RCC_PLLConfig
                0x20000cc8                RCC_PLLCmd
                0x20000ce8                RCC_PLLI2SConfig
                0x20000d14                RCC_PLLI2SCmd
                0x20000d34                RCC_PLLSAIConfig
                0x20000d68                RCC_PLLSAICmd
                0x20000d88                RCC_ClockSecuritySystemCmd
                0x20000da8                RCC_MCO1Config
                0x20000de8                RCC_MCO2Config
                0x20000e28                RCC_SYSCLKConfig
                0x20000e60                RCC_GetSYSCLKSource
                0x20000e80                RCC_HCLKConfig
                0x20000eb8                RCC_PCLK1Config
                0x20000ef0                RCC_PCLK2Config
                0x20000f2c                RCC_GetClocksFreq
                0x2000107c                RCC_RTCCLKConfig
                0x200010d8                RCC_RTCCLKCmd
                0x200010f8                RCC_BackupResetCmd
                0x20001118                RCC_I2SCLKConfig
                0x20001138                RCC_SAIPLLI2SClkDivConfig
                0x20001178                RCC_SAIPLLSAIClkDivConfig
                0x200011b8                RCC_SAIBlockACLKConfig
                0x200011f4                RCC_SAIBlockBCLKConfig
                0x20001230                RCC_LTDCCLKDivConfig
                0x2000126c                RCC_TIMCLKPresConfig
                0x2000128c                RCC_AHB1PeriphClockCmd
                0x200012cc                RCC_AHB2PeriphClockCmd
                0x2000130c                RCC_AHB3PeriphClockCmd
                0x2000134c                RCC_APB1PeriphClockCmd
                0x2000138c                RCC_APB2PeriphClockCmd
                0x200013cc                RCC_AHB1PeriphResetCmd
                0x2000140c                RCC_AHB2PeriphResetCmd
                0x2000144c                RCC_AHB3PeriphResetCmd
                0x2000148c                RCC_APB1PeriphResetCmd
                0x200014cc                RCC_APB2PeriphResetCmd
                0x2000150c                RCC_AHB1PeriphClockLPModeCmd
                0x2000154c                RCC_AHB2PeriphClockLPModeCmd
                0x2000158c                RCC_AHB3PeriphClockLPModeCmd
                0x200015cc                RCC_APB1PeriphClockLPModeCmd
                0x2000160c                RCC_APB2PeriphClockLPModeCmd
                0x2000164c                RCC_ITConfig
                0x20001698                RCC_GetFlagStatus
                0x2000170c                RCC_ClearFlag
                0x2000172c                RCC_GetITStatus
                0x20001764                RCC_ClearITPendingBit
 .text          0x20001784      0x4d4 ./Debug/driver_src_stm32f4xx_gpio.c.o
                0x20001784                GPIO_DeInit
                0x200018e8                GPIO_Init
                0x20001a04                GPIO_StructInit
                0x20001a38                GPIO_PinLockConfig
                0x20001a7c                GPIO_ReadInputDataBit
                0x20001ab0                GPIO_ReadInputData
                0x20001aca                GPIO_ReadOutputDataBit
                0x20001afe                GPIO_ReadOutputData
                0x20001b18                GPIO_SetBits
                0x20001b36                GPIO_ResetBits
                0x20001b54                GPIO_WriteBit
                0x20001b84                GPIO_Write
                0x20001ba2                GPIO_ToggleBits
                0x20001bc6                GPIO_PinAFConfig
 .text          0x20001c58      0xf48 ./Debug/TinyTimber.c.o
                0x20001ce0                DUMP
                0x20001d18                DUMPH
                0x20001d74                DUMPD
                0x20001e18                sei
                0x20001e34                cli
                0x20001e50                _sbrk
                0x20001e94                SETSTACK
                0x20001efc                SETPC
                0x20001f20                TIMER_INIT
                0x20001fb8                DUMPC
                0x20001fec                vect_USART1
                0x20002054                vect_CAN1
                0x200020bc                vect_EXTI9_5
                0x20002124                enqueueByDeadline
                0x2000217c                enqueueByBaseline
                0x200021d4                dequeue
                0x20002224                dequeue_pool
                0x20002274                insert
                0x20002298                push
                0x200022bc                pop
                0x2000233e                vect_TIM5
                0x200023d0                __svc_dispatch
                0x200023e0                __pendSV_dispatch
                0x20002550                async
                0x2000268c                sync
                0x20002798                ABORT
                0x2000284c                T_RESET
                0x20002888                T_SAMPLE
                0x200028c8                CURRENT_OFFSET
                0x20002a74                install
                0x20002b3c                tinytimber
 .text          0x20002ba0      0xfd8 ./Debug/driver_src_stm32f4xx_can.c.o
                0x20002ba0                CAN_DeInit
                0x20002be8                CAN_Init
                0x20002d8a                CAN_FilterInit
                0x20002f10                CAN_StructInit
                0x20002f66                CAN_SlaveStartBank
                0x20002fc8                CAN_DBGFreeze
                0x20003000                CAN_TTComModeCmd
                0x20003098                CAN_Transmit
                0x2000323a                CAN_TransmitStatus
                0x20003310                CAN_CancelTransmit
                0x20003362                CAN_Receive
                0x200034de                CAN_FIFORelease
                0x20003516                CAN_MessagePending
                0x20003560                CAN_OperatingModeRequest
                0x2000365c                CAN_Sleep
                0x20003696                CAN_WakeUp
                0x200036ec                CAN_GetLastErrorCode
                0x20003712                CAN_GetReceiveErrorCounter
                0x20003734                CAN_GetLSBTransmitErrorCounter
                0x20003756                CAN_ITConfig
                0x20003792                CAN_GetFlagStatus
                0x20003860                CAN_ClearFlag
                0x200038d4                CAN_GetITStatus
                0x20003a68                CAN_ClearITPendingBit
 .text          0x20003b78     0x1c18 ./Debug/driver_src_stm32f4xx_tim.c.o
                0x20003b78                TIM_DeInit
                0x20003d38                TIM_TimeBaseInit
                0x20003e10                TIM_TimeBaseStructInit
                0x20003e44                TIM_PrescalerConfig
                0x20003e6c                TIM_CounterModeConfig
                0x20003ea4                TIM_SetCounter
                0x20003ec0                TIM_SetAutoreload
                0x20003edc                TIM_GetCounter
                0x20003ef4                TIM_GetPrescaler
                0x20003f0e                TIM_UpdateDisableConfig
                0x20003f4e                TIM_UpdateRequestConfig
                0x20003f8e                TIM_ARRPreloadConfig
                0x20003fce                TIM_SelectOnePulseMode
                0x20004006                TIM_SetClockDivision
                0x2000403e                TIM_Cmd
                0x2000407e                TIM_OC1Init
                0x20004174                TIM_OC2Init
                0x20004284                TIM_OC3Init
                0x20004390                TIM_OC4Init
                0x20004460                TIM_OCStructInit
                0x200044a4                TIM_SelectOCxM
                0x20004558                TIM_SetCompare1
                0x20004574                TIM_SetCompare2
                0x20004590                TIM_SetCompare3
                0x200045ac                TIM_SetCompare4
                0x200045c8                TIM_ForcedOC1Config
                0x20004600                TIM_ForcedOC2Config
                0x2000463c                TIM_ForcedOC3Config
                0x20004674                TIM_ForcedOC4Config
                0x200046b0                TIM_OC1PreloadConfig
                0x200046e8                TIM_OC2PreloadConfig
                0x20004724                TIM_OC3PreloadConfig
                0x2000475c                TIM_OC4PreloadConfig
                0x20004798                TIM_OC1FastConfig
                0x200047d0                TIM_OC2FastConfig
                0x2000480c                TIM_OC3FastConfig
                0x20004844                TIM_OC4FastConfig
                0x20004880                TIM_ClearOC1Ref
                0x200048b8                TIM_ClearOC2Ref
                0x200048f4                TIM_ClearOC3Ref
                0x2000492c                TIM_ClearOC4Ref
                0x20004968                TIM_OC1PolarityConfig
                0x200049a0                TIM_OC1NPolarityConfig
                0x200049d8                TIM_OC2PolarityConfig
                0x20004a14                TIM_OC2NPolarityConfig
                0x20004a50                TIM_OC3PolarityConfig
                0x20004a8c                TIM_OC3NPolarityConfig
                0x20004ac8                TIM_OC4PolarityConfig
                0x20004b04                TIM_CCxCmd
                0x20004b5a                TIM_CCxNCmd
                0x20004bb0                TIM_ICInit
                0x20004c58                TIM_ICStructInit
                0x20004c8a                TIM_PWMIConfig
                0x20004d42                TIM_GetCapture1
                0x20004d5a                TIM_GetCapture2
                0x20004d72                TIM_GetCapture3
                0x20004d8a                TIM_GetCapture4
                0x20004da2                TIM_SetIC1Prescaler
                0x20004dda                TIM_SetIC2Prescaler
                0x20004e16                TIM_SetIC3Prescaler
                0x20004e4e                TIM_SetIC4Prescaler
                0x20004e8a                TIM_BDTRConfig
                0x20004eda                TIM_BDTRStructInit
                0x20004f18                TIM_CtrlPWMOutputs
                0x20004f64                TIM_SelectCOM
                0x20004fa4                TIM_CCPreloadControl
                0x20004fe4                TIM_ITConfig
                0x2000502c                TIM_GenerateEvent
                0x2000504a                TIM_GetFlagStatus
                0x20005082                TIM_ClearFlag
                0x200050a4                TIM_GetITStatus
                0x200050f8                TIM_ClearITPendingBit
                0x2000511a                TIM_DMAConfig
                0x20005144                TIM_DMACmd
                0x2000518c                TIM_SelectCCDMA
                0x200051cc                TIM_InternalClockConfig
                0x200051f0                TIM_ITRxExternalClockConfig
                0x2000521e                TIM_TIxExternalClockConfig
                0x2000527a                TIM_ETRClockMode1Config
                0x200052d8                TIM_ETRClockMode2Config
                0x20005316                TIM_SelectInputTrigger
                0x2000534e                TIM_SelectOutputTrigger
                0x20005386                TIM_SelectSlaveMode
                0x200053be                TIM_SelectMasterSlaveMode
                0x200053f6                TIM_ETRConfig
                0x2000544a                TIM_EncoderInterfaceConfig
                0x200054e2                TIM_SelectHallSensor
                0x20005522                TIM_RemapConfig
 .text          0x20005790      0x254 ./Debug/application.c.o
                0x20005790                receiver
                0x200057e0                reader
                0x20005924                startApp
                0x200059a4                main
 .text          0x200059e4      0x450 ./Debug/driver_src_stm32f4xx_dac.c.o
                0x200059e4                DAC_DeInit
                0x20005a00                DAC_Init
                0x20005a68                DAC_StructInit
                0x20005a94                DAC_Cmd
                0x20005ae0                DAC_SoftwareTriggerCmd
                0x20005b30                DAC_DualSoftwareTriggerCmd
                0x20005b6c                DAC_WaveGenerationCmd
                0x20005bb8                DAC_SetChannel1Data
                0x20005bf0                DAC_SetChannel2Data
                0x20005c28                DAC_SetDualChannelData
                0x20005c80                DAC_GetDataOutputValue
                0x20005cb4                DAC_DMACmd
                0x20005d04                DAC_ITConfig
                0x20005d50                DAC_GetFlagStatus
                0x20005d8c                DAC_ClearFlag
                0x20005db4                DAC_GetITStatus
                0x20005e0c                DAC_ClearITPendingBit
 .text          0x20005e34      0x210 ./Debug/driver_src_stm32f4xx_exti.c.o
                0x20005e34                EXTI_DeInit
                0x20005e68                EXTI_Init
                0x20005f4c                EXTI_StructInit
                0x20005f78                EXTI_GenerateSWInterrupt
                0x20005f9c                EXTI_GetFlagStatus
                0x20005fd0                EXTI_ClearFlag
                0x20005ff0                EXTI_GetITStatus
                0x20006024                EXTI_ClearITPendingBit
 .text          0x20006044       0xf4 ./Debug/dispatch.s.o
                0x20006044                vect_SVCall
                0x20006048                vect_PendSV
 .text          0x20006138      0x294 ./Debug/sciTinyTimber.c.o
                0x200061c0                sci_init
                0x20006266                sci_write
                0x200062ba                sci_writechar
                0x200062f0                sci_interrupt
 .text          0x200063cc      0x434 ./Debug/canTinyTimber.c.o
                0x20006454                can_init
                0x2000650c                can_interrupt
                0x20006694                can_receive
                0x2000675e                can_send
 .text          0x20006800      0x32c ./Debug/startup.c.o
 .text          0x20006b2c        0x0 c:/cseapp/codelite/tools/gcc-arm/bin/../lib/gcc/arm-none-eabi/7.2.1/../../../../arm-none-eabi/lib/thumb/v7e-m/fpv4-sp/hard\libc_nano.a(lib_a-atoi.o)
 .text          0x20006b2c        0x0 c:/cseapp/codelite/tools/gcc-arm/bin/../lib/gcc/arm-none-eabi/7.2.1/../../../../arm-none-eabi/lib/thumb/v7e-m/fpv4-sp/hard\libc_nano.a(lib_a-snprintf.o)
 .text          0x20006b2c        0x0 c:/cseapp/codelite/tools/gcc-arm/bin/../lib/gcc/arm-none-eabi/7.2.1/../../../../arm-none-eabi/lib/thumb/v7e-m/fpv4-sp/hard\libc_nano.a(lib_a-strtol.o)
 .text          0x20006b2c        0x0 c:/cseapp/codelite/tools/gcc-arm/bin/../lib/gcc/arm-none-eabi/7.2.1/../../../../arm-none-eabi/lib/thumb/v7e-m/fpv4-sp/hard\libc_nano.a(lib_a-impure.o)
 .text          0x20006b2c        0x0 c:/cseapp/codelite/tools/gcc-arm/bin/../lib/gcc/arm-none-eabi/7.2.1/../../../../arm-none-eabi/lib/thumb/v7e-m/fpv4-sp/hard\libc_nano.a(lib_a-locale.o)
 .text          0x20006b2c        0x0 c:/cseapp/codelite/tools/gcc-arm/bin/../lib/gcc/arm-none-eabi/7.2.1/../../../../arm-none-eabi/lib/thumb/v7e-m/fpv4-sp/hard\libc_nano.a(lib_a-mbtowc_r.o)
 .text          0x20006b2c        0x0 c:/cseapp/codelite/tools/gcc-arm/bin/../lib/gcc/arm-none-eabi/7.2.1/../../../../arm-none-eabi/lib/thumb/v7e-m/fpv4-sp/hard\libc_nano.a(lib_a-nano-svfprintf.o)
 .text          0x20006b2c        0x0 c:/cseapp/codelite/tools/gcc-arm/bin/../lib/gcc/arm-none-eabi/7.2.1/../../../../arm-none-eabi/lib/thumb/v7e-m/fpv4-sp/hard\libc_nano.a(lib_a-nano-vfprintf_i.o)
 .text          0x20006b2c       0x14 c:/cseapp/codelite/tools/gcc-arm/bin/../lib/gcc/arm-none-eabi/7.2.1/../../../../arm-none-eabi/lib/thumb/v7e-m/fpv4-sp/hard\libc_nano.a(lib_a-strcmp.o)
                0x20006b2c                strcmp
 .text          0x20006b40        0x0 c:/cseapp/codelite/tools/gcc-arm/bin/../lib/gcc/arm-none-eabi/7.2.1/../../../../arm-none-eabi/lib/thumb/v7e-m/fpv4-sp/hard\libc_nano.a(lib_a-wctomb_r.o)
 .text          0x20006b40        0x0 c:/cseapp/codelite/tools/gcc-arm/bin/../lib/gcc/arm-none-eabi/7.2.1/../../../../arm-none-eabi/lib/thumb/v7e-m/fpv4-sp/hard\libc_nano.a(lib_a-ctype_.o)
 .text          0x20006b40       0xa0 c:/cseapp/codelite/tools/gcc-arm/bin/../lib/gcc/arm-none-eabi/7.2.1/../../../../arm-none-eabi/lib/thumb/v7e-m/fpv4-sp/hard\libc_nano.a(lib_a-memchr.o)
                0x20006b40                memchr
 .text          0x20006be0        0x0 c:/cseapp/codelite/tools/gcc-arm/bin/../lib/gcc/arm-none-eabi/7.2.1/../../../../arm-none-eabi/lib/thumb/v7e-m/fpv4-sp/hard\libc_nano.a(lib_a-memcpy-stub.o)
 .text          0x20006be0        0x0 c:/cseapp/codelite/tools/gcc-arm/bin/../lib/gcc/arm-none-eabi/7.2.1/../../../../arm-none-eabi/lib/thumb/v7e-m/fpv4-sp/hard\libc_nano.a(lib_a-memmove.o)
 .text          0x20006be0        0x0 c:/cseapp/codelite/tools/gcc-arm/bin/../lib/gcc/arm-none-eabi/7.2.1/../../../../arm-none-eabi/lib/thumb/v7e-m/fpv4-sp/hard\libc_nano.a(lib_a-nano-freer.o)
 .text          0x20006be0        0x0 c:/cseapp/codelite/tools/gcc-arm/bin/../lib/gcc/arm-none-eabi/7.2.1/../../../../arm-none-eabi/lib/thumb/v7e-m/fpv4-sp/hard\libc_nano.a(lib_a-nano-mallocr.o)
 .text          0x20006be0        0x0 c:/cseapp/codelite/tools/gcc-arm/bin/../lib/gcc/arm-none-eabi/7.2.1/../../../../arm-none-eabi/lib/thumb/v7e-m/fpv4-sp/hard\libc_nano.a(lib_a-nano-reallocr.o)
 .text          0x20006be0        0x0 c:/cseapp/codelite/tools/gcc-arm/bin/../lib/gcc/arm-none-eabi/7.2.1/../../../../arm-none-eabi/lib/thumb/v7e-m/fpv4-sp/hard\libc_nano.a(lib_a-sbrkr.o)
 .text          0x20006be0        0x0 c:/cseapp/codelite/tools/gcc-arm/bin/../lib/gcc/arm-none-eabi/7.2.1/../../../../arm-none-eabi/lib/thumb/v7e-m/fpv4-sp/hard\libc_nano.a(lib_a-mlock.o)
 .text          0x20006be0        0x0 c:/cseapp/codelite/tools/gcc-arm/bin/../lib/gcc/arm-none-eabi/7.2.1/../../../../arm-none-eabi/lib/thumb/v7e-m/fpv4-sp/hard\libc_nano.a(lib_a-nano-msizer.o)
 .text          0x20006be0        0x0 c:/cseapp/codelite/tools/gcc-arm/bin/../lib/gcc/arm-none-eabi/7.2.1/../../../../arm-none-eabi/lib/thumb/v7e-m/fpv4-sp/hard\libc_nano.a(lib_a-reent.o)
 *(.text.*)
 .text.atoi     0x20006be0        0x8 c:/cseapp/codelite/tools/gcc-arm/bin/../lib/gcc/arm-none-eabi/7.2.1/../../../../arm-none-eabi/lib/thumb/v7e-m/fpv4-sp/hard\libc_nano.a(lib_a-atoi.o)
                0x20006be0                atoi
 .text._atoi_r  0x20006be8        0x8 c:/cseapp/codelite/tools/gcc-arm/bin/../lib/gcc/arm-none-eabi/7.2.1/../../../../arm-none-eabi/lib/thumb/v7e-m/fpv4-sp/hard\libc_nano.a(lib_a-atoi.o)
                0x20006be8                _atoi_r
 .text._snprintf_r
                0x20006bf0       0x5e c:/cseapp/codelite/tools/gcc-arm/bin/../lib/gcc/arm-none-eabi/7.2.1/../../../../arm-none-eabi/lib/thumb/v7e-m/fpv4-sp/hard\libc_nano.a(lib_a-snprintf.o)
                0x20006bf0                _snprintf_r
                0x20006bf0                _sniprintf_r
 *fill*         0x20006c4e        0x2 
 .text.snprintf
                0x20006c50       0x68 c:/cseapp/codelite/tools/gcc-arm/bin/../lib/gcc/arm-none-eabi/7.2.1/../../../../arm-none-eabi/lib/thumb/v7e-m/fpv4-sp/hard\libc_nano.a(lib_a-snprintf.o)
                0x20006c50                sniprintf
                0x20006c50                snprintf
 .text._strtol_l.isra.0
                0x20006cb8       0xf6 c:/cseapp/codelite/tools/gcc-arm/bin/../lib/gcc/arm-none-eabi/7.2.1/../../../../arm-none-eabi/lib/thumb/v7e-m/fpv4-sp/hard\libc_nano.a(lib_a-strtol.o)
 *fill*         0x20006dae        0x2 
 .text._strtol_r
                0x20006db0       0x24 c:/cseapp/codelite/tools/gcc-arm/bin/../lib/gcc/arm-none-eabi/7.2.1/../../../../arm-none-eabi/lib/thumb/v7e-m/fpv4-sp/hard\libc_nano.a(lib_a-strtol.o)
                0x20006db0                _strtol_r
 .text.strtol_l
                0x20006dd4       0x1c c:/cseapp/codelite/tools/gcc-arm/bin/../lib/gcc/arm-none-eabi/7.2.1/../../../../arm-none-eabi/lib/thumb/v7e-m/fpv4-sp/hard\libc_nano.a(lib_a-strtol.o)
                0x20006dd4                strtol_l
 .text.strtol   0x20006df0       0x2c c:/cseapp/codelite/tools/gcc-arm/bin/../lib/gcc/arm-none-eabi/7.2.1/../../../../arm-none-eabi/lib/thumb/v7e-m/fpv4-sp/hard\libc_nano.a(lib_a-strtol.o)
                0x20006df0                strtol
 .text._setlocale_r
                0x20006e1c       0x38 c:/cseapp/codelite/tools/gcc-arm/bin/../lib/gcc/arm-none-eabi/7.2.1/../../../../arm-none-eabi/lib/thumb/v7e-m/fpv4-sp/hard\libc_nano.a(lib_a-locale.o)
                0x20006e1c                _setlocale_r
 .text.__locale_mb_cur_max
                0x20006e54       0x1c c:/cseapp/codelite/tools/gcc-arm/bin/../lib/gcc/arm-none-eabi/7.2.1/../../../../arm-none-eabi/lib/thumb/v7e-m/fpv4-sp/hard\libc_nano.a(lib_a-locale.o)
                0x20006e54                __locale_mb_cur_max
 .text.__locale_ctype_ptr_l
                0x20006e70        0x6 c:/cseapp/codelite/tools/gcc-arm/bin/../lib/gcc/arm-none-eabi/7.2.1/../../../../arm-none-eabi/lib/thumb/v7e-m/fpv4-sp/hard\libc_nano.a(lib_a-locale.o)
                0x20006e70                __locale_ctype_ptr_l
 *fill*         0x20006e76        0x2 
 .text.__locale_ctype_ptr
                0x20006e78       0x1c c:/cseapp/codelite/tools/gcc-arm/bin/../lib/gcc/arm-none-eabi/7.2.1/../../../../arm-none-eabi/lib/thumb/v7e-m/fpv4-sp/hard\libc_nano.a(lib_a-locale.o)
                0x20006e78                __locale_ctype_ptr
 .text.setlocale
                0x20006e94       0x10 c:/cseapp/codelite/tools/gcc-arm/bin/../lib/gcc/arm-none-eabi/7.2.1/../../../../arm-none-eabi/lib/thumb/v7e-m/fpv4-sp/hard\libc_nano.a(lib_a-locale.o)
                0x20006e94                setlocale
 .text._mbtowc_r
                0x20006ea4       0x24 c:/cseapp/codelite/tools/gcc-arm/bin/../lib/gcc/arm-none-eabi/7.2.1/../../../../arm-none-eabi/lib/thumb/v7e-m/fpv4-sp/hard\libc_nano.a(lib_a-mbtowc_r.o)
                0x20006ea4                _mbtowc_r
 .text.__ascii_mbtowc
                0x20006ec8       0x24 c:/cseapp/codelite/tools/gcc-arm/bin/../lib/gcc/arm-none-eabi/7.2.1/../../../../arm-none-eabi/lib/thumb/v7e-m/fpv4-sp/hard\libc_nano.a(lib_a-mbtowc_r.o)
                0x20006ec8                __ascii_mbtowc
 .text.__ssputs_r
                0x20006eec       0xb4 c:/cseapp/codelite/tools/gcc-arm/bin/../lib/gcc/arm-none-eabi/7.2.1/../../../../arm-none-eabi/lib/thumb/v7e-m/fpv4-sp/hard\libc_nano.a(lib_a-nano-svfprintf.o)
                0x20006eec                __ssputs_r
 .text.__ssprint_r
                0x20006fa0       0xf0 c:/cseapp/codelite/tools/gcc-arm/bin/../lib/gcc/arm-none-eabi/7.2.1/../../../../arm-none-eabi/lib/thumb/v7e-m/fpv4-sp/hard\libc_nano.a(lib_a-nano-svfprintf.o)
                0x20006fa0                __ssprint_r
 .text._svfprintf_r
                0x20007090      0x1ec c:/cseapp/codelite/tools/gcc-arm/bin/../lib/gcc/arm-none-eabi/7.2.1/../../../../arm-none-eabi/lib/thumb/v7e-m/fpv4-sp/hard\libc_nano.a(lib_a-nano-svfprintf.o)
                0x20007090                _svfiprintf_r
                0x20007090                _svfprintf_r
 .text._printf_common
                0x2000727c       0xea c:/cseapp/codelite/tools/gcc-arm/bin/../lib/gcc/arm-none-eabi/7.2.1/../../../../arm-none-eabi/lib/thumb/v7e-m/fpv4-sp/hard\libc_nano.a(lib_a-nano-vfprintf_i.o)
                0x2000727c                _printf_common
 *fill*         0x20007366        0x2 
 .text._printf_i
                0x20007368      0x224 c:/cseapp/codelite/tools/gcc-arm/bin/../lib/gcc/arm-none-eabi/7.2.1/../../../../arm-none-eabi/lib/thumb/v7e-m/fpv4-sp/hard\libc_nano.a(lib_a-nano-vfprintf_i.o)
                0x20007368                _printf_i
 .text._wctomb_r
                0x2000758c       0x24 c:/cseapp/codelite/tools/gcc-arm/bin/../lib/gcc/arm-none-eabi/7.2.1/../../../../arm-none-eabi/lib/thumb/v7e-m/fpv4-sp/hard\libc_nano.a(lib_a-wctomb_r.o)
                0x2000758c                _wctomb_r
 .text.__ascii_wctomb
                0x200075b0       0x1a c:/cseapp/codelite/tools/gcc-arm/bin/../lib/gcc/arm-none-eabi/7.2.1/../../../../arm-none-eabi/lib/thumb/v7e-m/fpv4-sp/hard\libc_nano.a(lib_a-wctomb_r.o)
                0x200075b0                __ascii_wctomb
 .text.memcpy   0x200075ca       0x16 c:/cseapp/codelite/tools/gcc-arm/bin/../lib/gcc/arm-none-eabi/7.2.1/../../../../arm-none-eabi/lib/thumb/v7e-m/fpv4-sp/hard\libc_nano.a(lib_a-memcpy-stub.o)
                0x200075ca                memcpy
 .text.memmove  0x200075e0       0x32 c:/cseapp/codelite/tools/gcc-arm/bin/../lib/gcc/arm-none-eabi/7.2.1/../../../../arm-none-eabi/lib/thumb/v7e-m/fpv4-sp/hard\libc_nano.a(lib_a-memmove.o)
                0x200075e0                memmove
 *fill*         0x20007612        0x2 
 .text._free_r  0x20007614       0x9c c:/cseapp/codelite/tools/gcc-arm/bin/../lib/gcc/arm-none-eabi/7.2.1/../../../../arm-none-eabi/lib/thumb/v7e-m/fpv4-sp/hard\libc_nano.a(lib_a-nano-freer.o)
                0x20007614                _free_r
 .text._malloc_r
                0x200076b0       0xb4 c:/cseapp/codelite/tools/gcc-arm/bin/../lib/gcc/arm-none-eabi/7.2.1/../../../../arm-none-eabi/lib/thumb/v7e-m/fpv4-sp/hard\libc_nano.a(lib_a-nano-mallocr.o)
                0x200076b0                _malloc_r
 .text._realloc_r
                0x20007764       0x4c c:/cseapp/codelite/tools/gcc-arm/bin/../lib/gcc/arm-none-eabi/7.2.1/../../../../arm-none-eabi/lib/thumb/v7e-m/fpv4-sp/hard\libc_nano.a(lib_a-nano-reallocr.o)
                0x20007764                _realloc_r
 .text._sbrk_r  0x200077b0       0x20 c:/cseapp/codelite/tools/gcc-arm/bin/../lib/gcc/arm-none-eabi/7.2.1/../../../../arm-none-eabi/lib/thumb/v7e-m/fpv4-sp/hard\libc_nano.a(lib_a-sbrkr.o)
                0x200077b0                _sbrk_r
 .text.__malloc_lock
                0x200077d0        0x2 c:/cseapp/codelite/tools/gcc-arm/bin/../lib/gcc/arm-none-eabi/7.2.1/../../../../arm-none-eabi/lib/thumb/v7e-m/fpv4-sp/hard\libc_nano.a(lib_a-mlock.o)
                0x200077d0                __malloc_lock
 .text.__malloc_unlock
                0x200077d2        0x2 c:/cseapp/codelite/tools/gcc-arm/bin/../lib/gcc/arm-none-eabi/7.2.1/../../../../arm-none-eabi/lib/thumb/v7e-m/fpv4-sp/hard\libc_nano.a(lib_a-mlock.o)
                0x200077d2                __malloc_unlock
 .text._malloc_usable_size_r
                0x200077d4       0x10 c:/cseapp/codelite/tools/gcc-arm/bin/../lib/gcc/arm-none-eabi/7.2.1/../../../../arm-none-eabi/lib/thumb/v7e-m/fpv4-sp/hard\libc_nano.a(lib_a-nano-msizer.o)
                0x200077d4                _malloc_usable_size_r
 .text.cleanup_glue
                0x200077e4       0x1a c:/cseapp/codelite/tools/gcc-arm/bin/../lib/gcc/arm-none-eabi/7.2.1/../../../../arm-none-eabi/lib/thumb/v7e-m/fpv4-sp/hard\libc_nano.a(lib_a-reent.o)
                0x200077e4                cleanup_glue
 *fill*         0x200077fe        0x2 
 .text._reclaim_reent
                0x20007800       0xb8 c:/cseapp/codelite/tools/gcc-arm/bin/../lib/gcc/arm-none-eabi/7.2.1/../../../../arm-none-eabi/lib/thumb/v7e-m/fpv4-sp/hard\libc_nano.a(lib_a-reent.o)
                0x20007800                _reclaim_reent
 *(.rodata)
 .rodata        0x200078b8       0x7d ./Debug/TinyTimber.c.o
 *fill*         0x20007935        0x3 
 .rodata        0x20007938       0x81 ./Debug/application.c.o
 *fill*         0x200079b9        0x3 
 .rodata        0x200079bc       0x8a ./Debug/canTinyTimber.c.o
 *(.rodata*)
 *fill*         0x20007a46        0x2 
 .rodata._global_impure_ptr
                0x20007a48        0x4 c:/cseapp/codelite/tools/gcc-arm/bin/../lib/gcc/arm-none-eabi/7.2.1/../../../../arm-none-eabi/lib/thumb/v7e-m/fpv4-sp/hard\libc_nano.a(lib_a-impure.o)
                0x20007a48                _global_impure_ptr
 .rodata._setlocale_r.str1.1
                0x20007a4c        0x8 c:/cseapp/codelite/tools/gcc-arm/bin/../lib/gcc/arm-none-eabi/7.2.1/../../../../arm-none-eabi/lib/thumb/v7e-m/fpv4-sp/hard\libc_nano.a(lib_a-locale.o)
                                  0x9 (size before relaxing)
 .rodata.str1.1
                0x20007a54        0x2 c:/cseapp/codelite/tools/gcc-arm/bin/../lib/gcc/arm-none-eabi/7.2.1/../../../../arm-none-eabi/lib/thumb/v7e-m/fpv4-sp/hard\libc_nano.a(lib_a-locale.o)
 .rodata._svfprintf_r.str1.1
                0x20007a56       0x11 c:/cseapp/codelite/tools/gcc-arm/bin/../lib/gcc/arm-none-eabi/7.2.1/../../../../arm-none-eabi/lib/thumb/v7e-m/fpv4-sp/hard\libc_nano.a(lib_a-nano-svfprintf.o)
 .rodata._printf_i.str1.1
                0x20007a67       0x22 c:/cseapp/codelite/tools/gcc-arm/bin/../lib/gcc/arm-none-eabi/7.2.1/../../../../arm-none-eabi/lib/thumb/v7e-m/fpv4-sp/hard\libc_nano.a(lib_a-nano-vfprintf_i.o)
 .rodata._ctype_
                0x20007a89      0x101 c:/cseapp/codelite/tools/gcc-arm/bin/../lib/gcc/arm-none-eabi/7.2.1/../../../../arm-none-eabi/lib/thumb/v7e-m/fpv4-sp/hard\libc_nano.a(lib_a-ctype_.o)
                0x20007a89                _ctype_
 *(.glue_7)
 .glue_7        0x20007b8a        0x0 linker stubs
 *(.glue_7t)
 .glue_7t       0x20007b8a        0x0 linker stubs
                0x20007b8c                . = ALIGN (0x4)
 *fill*         0x20007b8a        0x2 

.vfp11_veneer   0x20007b8c        0x0
 .vfp11_veneer  0x20007b8c        0x0 linker stubs

.v4_bx          0x20007b8c        0x0
 .v4_bx         0x20007b8c        0x0 linker stubs

.iplt           0x20007b8c        0x0
 .iplt          0x20007b8c        0x0 ./Debug/driver_src_stm32f4xx_syscfg.c.o

.rel.dyn        0x20007b8c        0x0
 .rel.iplt      0x20007b8c        0x0 ./Debug/driver_src_stm32f4xx_syscfg.c.o

.data           0x20007b8c      0x720
                0x20007b8c                . = ALIGN (0x4)
 *(.data)
 .data          0x20007b8c        0x0 ./Debug/driver_src_stm32f4xx_syscfg.c.o
 .data          0x20007b8c        0x0 ./Debug/driver_src_stm32f4xx_usart.c.o
 .data          0x20007b8c       0x10 ./Debug/driver_src_stm32f4xx_rcc.c.o
 .data          0x20007b9c        0x0 ./Debug/driver_src_stm32f4xx_gpio.c.o
 .data          0x20007b9c       0x24 ./Debug/TinyTimber.c.o
                0x20007b9c                hex
                0x20007bb0                msgPool
                0x20007bb4                threadPool
                0x20007bb8                activeStack
                0x20007bbc                current
 .data          0x20007bc0        0x0 ./Debug/driver_src_stm32f4xx_can.c.o
 .data          0x20007bc0        0x0 ./Debug/driver_src_stm32f4xx_tim.c.o
 .data          0x20007bc0      0x498 ./Debug/application.c.o
                0x20007bc0                sci0
                0x20007fe0                can0
 .data          0x20008058        0x0 ./Debug/driver_src_stm32f4xx_dac.c.o
 .data          0x20008058        0x0 ./Debug/driver_src_stm32f4xx_exti.c.o
 .data          0x20008058       0x84 ./Debug/dispatch.s.o
 .data          0x200080dc        0x0 ./Debug/sciTinyTimber.c.o
 .data          0x200080dc        0x0 ./Debug/canTinyTimber.c.o
 .data          0x200080dc        0x0 ./Debug/startup.c.o
 .data          0x200080dc        0x0 c:/cseapp/codelite/tools/gcc-arm/bin/../lib/gcc/arm-none-eabi/7.2.1/../../../../arm-none-eabi/lib/thumb/v7e-m/fpv4-sp/hard\libc_nano.a(lib_a-atoi.o)
 .data          0x200080dc        0x0 c:/cseapp/codelite/tools/gcc-arm/bin/../lib/gcc/arm-none-eabi/7.2.1/../../../../arm-none-eabi/lib/thumb/v7e-m/fpv4-sp/hard\libc_nano.a(lib_a-snprintf.o)
 .data          0x200080dc        0x0 c:/cseapp/codelite/tools/gcc-arm/bin/../lib/gcc/arm-none-eabi/7.2.1/../../../../arm-none-eabi/lib/thumb/v7e-m/fpv4-sp/hard\libc_nano.a(lib_a-strtol.o)
 .data          0x200080dc        0x0 c:/cseapp/codelite/tools/gcc-arm/bin/../lib/gcc/arm-none-eabi/7.2.1/../../../../arm-none-eabi/lib/thumb/v7e-m/fpv4-sp/hard\libc_nano.a(lib_a-impure.o)
 .data          0x200080dc        0x0 c:/cseapp/codelite/tools/gcc-arm/bin/../lib/gcc/arm-none-eabi/7.2.1/../../../../arm-none-eabi/lib/thumb/v7e-m/fpv4-sp/hard\libc_nano.a(lib_a-locale.o)
 .data          0x200080dc        0x0 c:/cseapp/codelite/tools/gcc-arm/bin/../lib/gcc/arm-none-eabi/7.2.1/../../../../arm-none-eabi/lib/thumb/v7e-m/fpv4-sp/hard\libc_nano.a(lib_a-mbtowc_r.o)
 .data          0x200080dc        0x0 c:/cseapp/codelite/tools/gcc-arm/bin/../lib/gcc/arm-none-eabi/7.2.1/../../../../arm-none-eabi/lib/thumb/v7e-m/fpv4-sp/hard\libc_nano.a(lib_a-nano-svfprintf.o)
 .data          0x200080dc        0x0 c:/cseapp/codelite/tools/gcc-arm/bin/../lib/gcc/arm-none-eabi/7.2.1/../../../../arm-none-eabi/lib/thumb/v7e-m/fpv4-sp/hard\libc_nano.a(lib_a-nano-vfprintf_i.o)
 .data          0x200080dc        0x0 c:/cseapp/codelite/tools/gcc-arm/bin/../lib/gcc/arm-none-eabi/7.2.1/../../../../arm-none-eabi/lib/thumb/v7e-m/fpv4-sp/hard\libc_nano.a(lib_a-strcmp.o)
 .data          0x200080dc        0x0 c:/cseapp/codelite/tools/gcc-arm/bin/../lib/gcc/arm-none-eabi/7.2.1/../../../../arm-none-eabi/lib/thumb/v7e-m/fpv4-sp/hard\libc_nano.a(lib_a-wctomb_r.o)
 .data          0x200080dc        0x0 c:/cseapp/codelite/tools/gcc-arm/bin/../lib/gcc/arm-none-eabi/7.2.1/../../../../arm-none-eabi/lib/thumb/v7e-m/fpv4-sp/hard\libc_nano.a(lib_a-ctype_.o)
 .data          0x200080dc        0x0 c:/cseapp/codelite/tools/gcc-arm/bin/../lib/gcc/arm-none-eabi/7.2.1/../../../../arm-none-eabi/lib/thumb/v7e-m/fpv4-sp/hard\libc_nano.a(lib_a-memchr.o)
 .data          0x200080dc        0x0 c:/cseapp/codelite/tools/gcc-arm/bin/../lib/gcc/arm-none-eabi/7.2.1/../../../../arm-none-eabi/lib/thumb/v7e-m/fpv4-sp/hard\libc_nano.a(lib_a-memcpy-stub.o)
 .data          0x200080dc        0x0 c:/cseapp/codelite/tools/gcc-arm/bin/../lib/gcc/arm-none-eabi/7.2.1/../../../../arm-none-eabi/lib/thumb/v7e-m/fpv4-sp/hard\libc_nano.a(lib_a-memmove.o)
 .data          0x200080dc        0x0 c:/cseapp/codelite/tools/gcc-arm/bin/../lib/gcc/arm-none-eabi/7.2.1/../../../../arm-none-eabi/lib/thumb/v7e-m/fpv4-sp/hard\libc_nano.a(lib_a-nano-freer.o)
 .data          0x200080dc        0x0 c:/cseapp/codelite/tools/gcc-arm/bin/../lib/gcc/arm-none-eabi/7.2.1/../../../../arm-none-eabi/lib/thumb/v7e-m/fpv4-sp/hard\libc_nano.a(lib_a-nano-mallocr.o)
 .data          0x200080dc        0x0 c:/cseapp/codelite/tools/gcc-arm/bin/../lib/gcc/arm-none-eabi/7.2.1/../../../../arm-none-eabi/lib/thumb/v7e-m/fpv4-sp/hard\libc_nano.a(lib_a-nano-reallocr.o)
 .data          0x200080dc        0x0 c:/cseapp/codelite/tools/gcc-arm/bin/../lib/gcc/arm-none-eabi/7.2.1/../../../../arm-none-eabi/lib/thumb/v7e-m/fpv4-sp/hard\libc_nano.a(lib_a-sbrkr.o)
 .data          0x200080dc        0x0 c:/cseapp/codelite/tools/gcc-arm/bin/../lib/gcc/arm-none-eabi/7.2.1/../../../../arm-none-eabi/lib/thumb/v7e-m/fpv4-sp/hard\libc_nano.a(lib_a-mlock.o)
 .data          0x200080dc        0x0 c:/cseapp/codelite/tools/gcc-arm/bin/../lib/gcc/arm-none-eabi/7.2.1/../../../../arm-none-eabi/lib/thumb/v7e-m/fpv4-sp/hard\libc_nano.a(lib_a-nano-msizer.o)
 .data          0x200080dc        0x0 c:/cseapp/codelite/tools/gcc-arm/bin/../lib/gcc/arm-none-eabi/7.2.1/../../../../arm-none-eabi/lib/thumb/v7e-m/fpv4-sp/hard\libc_nano.a(lib_a-reent.o)
 *(.data.*)
 .data._impure_ptr
                0x200080dc        0x4 c:/cseapp/codelite/tools/gcc-arm/bin/../lib/gcc/arm-none-eabi/7.2.1/../../../../arm-none-eabi/lib/thumb/v7e-m/fpv4-sp/hard\libc_nano.a(lib_a-impure.o)
                0x200080dc                _impure_ptr
 .data.impure_data
                0x200080e0       0x60 c:/cseapp/codelite/tools/gcc-arm/bin/../lib/gcc/arm-none-eabi/7.2.1/../../../../arm-none-eabi/lib/thumb/v7e-m/fpv4-sp/hard\libc_nano.a(lib_a-impure.o)
 .data.__global_locale
                0x20008140      0x16c c:/cseapp/codelite/tools/gcc-arm/bin/../lib/gcc/arm-none-eabi/7.2.1/../../../../arm-none-eabi/lib/thumb/v7e-m/fpv4-sp/hard\libc_nano.a(lib_a-locale.o)
                0x20008140                __global_locale
                0x200082ac                . = ALIGN (0x4)

.igot.plt       0x200082ac        0x0
 .igot.plt      0x200082ac        0x0 ./Debug/driver_src_stm32f4xx_syscfg.c.o

.bss            0x200082b0     0x842c
                0x200082b0                . = ALIGN (0x4)
                0x200082b0                _sbss = .
 *(.bss)
 .bss           0x200082b0        0x0 ./Debug/driver_src_stm32f4xx_syscfg.c.o
 .bss           0x200082b0        0x0 ./Debug/driver_src_stm32f4xx_usart.c.o
 .bss           0x200082b0        0x0 ./Debug/driver_src_stm32f4xx_rcc.c.o
 .bss           0x200082b0        0x0 ./Debug/driver_src_stm32f4xx_gpio.c.o
 .bss           0x200082b0       0x18 ./Debug/TinyTimber.c.o
                0x200082b0                doIRQSchedule
                0x200082b4                msgQ
                0x200082b8                timerQ
                0x200082bc                runAsHardware
                0x200082c0                timestamp
                0x200082c4                overflows
 .bss           0x200082c8        0x0 ./Debug/driver_src_stm32f4xx_can.c.o
 .bss           0x200082c8        0x0 ./Debug/driver_src_stm32f4xx_tim.c.o
 .bss           0x200082c8       0xac ./Debug/application.c.o
                0x200082c8                app
 .bss           0x20008374        0x0 ./Debug/driver_src_stm32f4xx_dac.c.o
 .bss           0x20008374        0x0 ./Debug/driver_src_stm32f4xx_exti.c.o
 .bss           0x20008374        0x0 ./Debug/dispatch.s.o
 .bss           0x20008374        0x0 ./Debug/sciTinyTimber.c.o
 .bss           0x20008374        0x0 ./Debug/canTinyTimber.c.o
 .bss           0x20008374        0x0 ./Debug/startup.c.o
 .bss           0x20008374        0x0 c:/cseapp/codelite/tools/gcc-arm/bin/../lib/gcc/arm-none-eabi/7.2.1/../../../../arm-none-eabi/lib/thumb/v7e-m/fpv4-sp/hard\libc_nano.a(lib_a-atoi.o)
 .bss           0x20008374        0x0 c:/cseapp/codelite/tools/gcc-arm/bin/../lib/gcc/arm-none-eabi/7.2.1/../../../../arm-none-eabi/lib/thumb/v7e-m/fpv4-sp/hard\libc_nano.a(lib_a-snprintf.o)
 .bss           0x20008374        0x0 c:/cseapp/codelite/tools/gcc-arm/bin/../lib/gcc/arm-none-eabi/7.2.1/../../../../arm-none-eabi/lib/thumb/v7e-m/fpv4-sp/hard\libc_nano.a(lib_a-strtol.o)
 .bss           0x20008374        0x0 c:/cseapp/codelite/tools/gcc-arm/bin/../lib/gcc/arm-none-eabi/7.2.1/../../../../arm-none-eabi/lib/thumb/v7e-m/fpv4-sp/hard\libc_nano.a(lib_a-impure.o)
 .bss           0x20008374        0x0 c:/cseapp/codelite/tools/gcc-arm/bin/../lib/gcc/arm-none-eabi/7.2.1/../../../../arm-none-eabi/lib/thumb/v7e-m/fpv4-sp/hard\libc_nano.a(lib_a-locale.o)
 .bss           0x20008374        0x0 c:/cseapp/codelite/tools/gcc-arm/bin/../lib/gcc/arm-none-eabi/7.2.1/../../../../arm-none-eabi/lib/thumb/v7e-m/fpv4-sp/hard\libc_nano.a(lib_a-mbtowc_r.o)
 .bss           0x20008374        0x0 c:/cseapp/codelite/tools/gcc-arm/bin/../lib/gcc/arm-none-eabi/7.2.1/../../../../arm-none-eabi/lib/thumb/v7e-m/fpv4-sp/hard\libc_nano.a(lib_a-nano-svfprintf.o)
 .bss           0x20008374        0x0 c:/cseapp/codelite/tools/gcc-arm/bin/../lib/gcc/arm-none-eabi/7.2.1/../../../../arm-none-eabi/lib/thumb/v7e-m/fpv4-sp/hard\libc_nano.a(lib_a-nano-vfprintf_i.o)
 .bss           0x20008374        0x0 c:/cseapp/codelite/tools/gcc-arm/bin/../lib/gcc/arm-none-eabi/7.2.1/../../../../arm-none-eabi/lib/thumb/v7e-m/fpv4-sp/hard\libc_nano.a(lib_a-strcmp.o)
 .bss           0x20008374        0x0 c:/cseapp/codelite/tools/gcc-arm/bin/../lib/gcc/arm-none-eabi/7.2.1/../../../../arm-none-eabi/lib/thumb/v7e-m/fpv4-sp/hard\libc_nano.a(lib_a-wctomb_r.o)
 .bss           0x20008374        0x0 c:/cseapp/codelite/tools/gcc-arm/bin/../lib/gcc/arm-none-eabi/7.2.1/../../../../arm-none-eabi/lib/thumb/v7e-m/fpv4-sp/hard\libc_nano.a(lib_a-ctype_.o)
 .bss           0x20008374        0x0 c:/cseapp/codelite/tools/gcc-arm/bin/../lib/gcc/arm-none-eabi/7.2.1/../../../../arm-none-eabi/lib/thumb/v7e-m/fpv4-sp/hard\libc_nano.a(lib_a-memchr.o)
 .bss           0x20008374        0x0 c:/cseapp/codelite/tools/gcc-arm/bin/../lib/gcc/arm-none-eabi/7.2.1/../../../../arm-none-eabi/lib/thumb/v7e-m/fpv4-sp/hard\libc_nano.a(lib_a-memcpy-stub.o)
 .bss           0x20008374        0x0 c:/cseapp/codelite/tools/gcc-arm/bin/../lib/gcc/arm-none-eabi/7.2.1/../../../../arm-none-eabi/lib/thumb/v7e-m/fpv4-sp/hard\libc_nano.a(lib_a-memmove.o)
 .bss           0x20008374        0x0 c:/cseapp/codelite/tools/gcc-arm/bin/../lib/gcc/arm-none-eabi/7.2.1/../../../../arm-none-eabi/lib/thumb/v7e-m/fpv4-sp/hard\libc_nano.a(lib_a-nano-freer.o)
 .bss           0x20008374        0x0 c:/cseapp/codelite/tools/gcc-arm/bin/../lib/gcc/arm-none-eabi/7.2.1/../../../../arm-none-eabi/lib/thumb/v7e-m/fpv4-sp/hard\libc_nano.a(lib_a-nano-mallocr.o)
 .bss           0x20008374        0x0 c:/cseapp/codelite/tools/gcc-arm/bin/../lib/gcc/arm-none-eabi/7.2.1/../../../../arm-none-eabi/lib/thumb/v7e-m/fpv4-sp/hard\libc_nano.a(lib_a-nano-reallocr.o)
 .bss           0x20008374        0x0 c:/cseapp/codelite/tools/gcc-arm/bin/../lib/gcc/arm-none-eabi/7.2.1/../../../../arm-none-eabi/lib/thumb/v7e-m/fpv4-sp/hard\libc_nano.a(lib_a-sbrkr.o)
 .bss           0x20008374        0x0 c:/cseapp/codelite/tools/gcc-arm/bin/../lib/gcc/arm-none-eabi/7.2.1/../../../../arm-none-eabi/lib/thumb/v7e-m/fpv4-sp/hard\libc_nano.a(lib_a-mlock.o)
 .bss           0x20008374        0x0 c:/cseapp/codelite/tools/gcc-arm/bin/../lib/gcc/arm-none-eabi/7.2.1/../../../../arm-none-eabi/lib/thumb/v7e-m/fpv4-sp/hard\libc_nano.a(lib_a-nano-msizer.o)
 .bss           0x20008374        0x0 c:/cseapp/codelite/tools/gcc-arm/bin/../lib/gcc/arm-none-eabi/7.2.1/../../../../arm-none-eabi/lib/thumb/v7e-m/fpv4-sp/hard\libc_nano.a(lib_a-reent.o)
 *(.bss.*)
 .bss._PathLocale
                0x20008374        0x4 c:/cseapp/codelite/tools/gcc-arm/bin/../lib/gcc/arm-none-eabi/7.2.1/../../../../arm-none-eabi/lib/thumb/v7e-m/fpv4-sp/hard\libc_nano.a(lib_a-locale.o)
                0x20008374                _PathLocale
 .bss.__malloc_free_list
                0x20008378        0x4 c:/cseapp/codelite/tools/gcc-arm/bin/../lib/gcc/arm-none-eabi/7.2.1/../../../../arm-none-eabi/lib/thumb/v7e-m/fpv4-sp/hard\libc_nano.a(lib_a-nano-mallocr.o)
                0x20008378                __malloc_free_list
 .bss.__malloc_sbrk_start
                0x2000837c        0x4 c:/cseapp/codelite/tools/gcc-arm/bin/../lib/gcc/arm-none-eabi/7.2.1/../../../../arm-none-eabi/lib/thumb/v7e-m/fpv4-sp/hard\libc_nano.a(lib_a-nano-mallocr.o)
                0x2000837c                __malloc_sbrk_start
 *(COMMON)
 COMMON         0x20008380     0x8358 ./Debug/TinyTimber.c.o
                0x20008380                otable
                0x2000838c                upcoming
                0x20008390                threads
                0x200083e0                mtable
                0x200083ec                thread0
                0x20008400                messages
                0x200086d0                __heap_end
                0x200086d8                stacks
 COMMON         0x200106d8        0x4 c:/cseapp/codelite/tools/gcc-arm/bin/../lib/gcc/arm-none-eabi/7.2.1/../../../../arm-none-eabi/lib/thumb/v7e-m/fpv4-sp/hard\libc_nano.a(lib_a-reent.o)
                0x200106d8                errno
                0x200106dc                . = ALIGN (0x4)
                0x200106dc                _ebss = .
                0x200106dc                PROVIDE (end, _ebss)
                [!provide]                PROVIDE (_end, _ebss)
OUTPUT(./Debug/RTS-Lab.elf elf32-littlearm)

.debug_info     0x00000000     0x9a45
 .debug_info    0x00000000      0x2a2 ./Debug/driver_src_stm32f4xx_syscfg.c.o
 .debug_info    0x000002a2      0x9d0 ./Debug/driver_src_stm32f4xx_usart.c.o
 .debug_info    0x00000c72      0xe23 ./Debug/driver_src_stm32f4xx_rcc.c.o
 .debug_info    0x00001a95      0x627 ./Debug/driver_src_stm32f4xx_gpio.c.o
 .debug_info    0x000020bc     0x1745 ./Debug/TinyTimber.c.o
 .debug_info    0x00003801      0xbaa ./Debug/driver_src_stm32f4xx_can.c.o
 .debug_info    0x000043ab     0x1c6f ./Debug/driver_src_stm32f4xx_tim.c.o
 .debug_info    0x0000601a      0xfc6 ./Debug/application.c.o
 .debug_info    0x00006fe0      0x64f ./Debug/driver_src_stm32f4xx_dac.c.o
 .debug_info    0x0000762f      0x354 ./Debug/driver_src_stm32f4xx_exti.c.o
 .debug_info    0x00007983      0x96d ./Debug/sciTinyTimber.c.o
 .debug_info    0x000082f0      0xd0e ./Debug/canTinyTimber.c.o
 .debug_info    0x00008ffe      0xa47 ./Debug/startup.c.o

.debug_abbrev   0x00000000     0x1b61
 .debug_abbrev  0x00000000      0x148 ./Debug/driver_src_stm32f4xx_syscfg.c.o
 .debug_abbrev  0x00000148      0x184 ./Debug/driver_src_stm32f4xx_usart.c.o
 .debug_abbrev  0x000002cc      0x1d1 ./Debug/driver_src_stm32f4xx_rcc.c.o
 .debug_abbrev  0x0000049d      0x1bc ./Debug/driver_src_stm32f4xx_gpio.c.o
 .debug_abbrev  0x00000659      0x47b ./Debug/TinyTimber.c.o
 .debug_abbrev  0x00000ad4      0x208 ./Debug/driver_src_stm32f4xx_can.c.o
 .debug_abbrev  0x00000cdc      0x19c ./Debug/driver_src_stm32f4xx_tim.c.o
 .debug_abbrev  0x00000e78      0x299 ./Debug/application.c.o
 .debug_abbrev  0x00001111      0x193 ./Debug/driver_src_stm32f4xx_dac.c.o
 .debug_abbrev  0x000012a4      0x1c0 ./Debug/driver_src_stm32f4xx_exti.c.o
 .debug_abbrev  0x00001464      0x252 ./Debug/sciTinyTimber.c.o
 .debug_abbrev  0x000016b6      0x256 ./Debug/canTinyTimber.c.o
 .debug_abbrev  0x0000190c      0x255 ./Debug/startup.c.o

.debug_aranges  0x00000000      0x1a8
 .debug_aranges
                0x00000000       0x20 ./Debug/driver_src_stm32f4xx_syscfg.c.o
 .debug_aranges
                0x00000020       0x20 ./Debug/driver_src_stm32f4xx_usart.c.o
 .debug_aranges
                0x00000040       0x20 ./Debug/driver_src_stm32f4xx_rcc.c.o
 .debug_aranges
                0x00000060       0x20 ./Debug/driver_src_stm32f4xx_gpio.c.o
 .debug_aranges
                0x00000080       0x20 ./Debug/TinyTimber.c.o
 .debug_aranges
                0x000000a0       0x20 ./Debug/driver_src_stm32f4xx_can.c.o
 .debug_aranges
                0x000000c0       0x20 ./Debug/driver_src_stm32f4xx_tim.c.o
 .debug_aranges
                0x000000e0       0x20 ./Debug/application.c.o
 .debug_aranges
                0x00000100       0x20 ./Debug/driver_src_stm32f4xx_dac.c.o
 .debug_aranges
                0x00000120       0x20 ./Debug/driver_src_stm32f4xx_exti.c.o
 .debug_aranges
                0x00000140       0x20 ./Debug/sciTinyTimber.c.o
 .debug_aranges
                0x00000160       0x20 ./Debug/canTinyTimber.c.o
 .debug_aranges
                0x00000180       0x28 ./Debug/startup.c.o

.debug_line     0x00000000     0x2799
 .debug_line    0x00000000      0x197 ./Debug/driver_src_stm32f4xx_syscfg.c.o
 .debug_line    0x00000197      0x320 ./Debug/driver_src_stm32f4xx_usart.c.o
 .debug_line    0x000004b7      0x375 ./Debug/driver_src_stm32f4xx_rcc.c.o
 .debug_line    0x0000082c      0x286 ./Debug/driver_src_stm32f4xx_gpio.c.o
 .debug_line    0x00000ab2      0x5bc ./Debug/TinyTimber.c.o
 .debug_line    0x0000106e      0x3e8 ./Debug/driver_src_stm32f4xx_can.c.o
 .debug_line    0x00001456      0x5db ./Debug/driver_src_stm32f4xx_tim.c.o
 .debug_line    0x00001a31      0x286 ./Debug/application.c.o
 .debug_line    0x00001cb7      0x241 ./Debug/driver_src_stm32f4xx_dac.c.o
 .debug_line    0x00001ef8      0x1fc ./Debug/driver_src_stm32f4xx_exti.c.o
 .debug_line    0x000020f4      0x1bf ./Debug/sciTinyTimber.c.o
 .debug_line    0x000022b3      0x258 ./Debug/canTinyTimber.c.o
 .debug_line    0x0000250b      0x28e ./Debug/startup.c.o

.debug_str      0x00000000     0x364e
 .debug_str     0x00000000      0x2d6 ./Debug/driver_src_stm32f4xx_syscfg.c.o
                                0x33e (size before relaxing)
 .debug_str     0x000002d6      0x4d7 ./Debug/driver_src_stm32f4xx_usart.c.o
                                0x6bf (size before relaxing)
 .debug_str     0x000007ad      0x71e ./Debug/driver_src_stm32f4xx_rcc.c.o
                                0x9c5 (size before relaxing)
 .debug_str     0x00000ecb      0x318 ./Debug/driver_src_stm32f4xx_gpio.c.o
                                0x4d3 (size before relaxing)
 .debug_str     0x000011e3      0x9ea ./Debug/TinyTimber.c.o
                                0xc83 (size before relaxing)
 .debug_str     0x00001bcd      0x51a ./Debug/driver_src_stm32f4xx_can.c.o
                                0x76e (size before relaxing)
 .debug_str     0x000020e7      0xa7c ./Debug/driver_src_stm32f4xx_tim.c.o
                                0xe00 (size before relaxing)
 .debug_str     0x00002b63      0x490 ./Debug/application.c.o
                                0x7da (size before relaxing)
 .debug_str     0x00002ff3      0x291 ./Debug/driver_src_stm32f4xx_dac.c.o
                                0x483 (size before relaxing)
 .debug_str     0x00003284      0x1c3 ./Debug/driver_src_stm32f4xx_exti.c.o
                                0x37c (size before relaxing)
 .debug_str     0x00003447       0x68 ./Debug/sciTinyTimber.c.o
                                0x8a3 (size before relaxing)
 .debug_str     0x000034af       0x77 ./Debug/canTinyTimber.c.o
                                0xa44 (size before relaxing)
 .debug_str     0x00003526      0x128 ./Debug/startup.c.o
                                0x7c6 (size before relaxing)

.comment        0x00000000       0x7e
 .comment       0x00000000       0x7e ./Debug/driver_src_stm32f4xx_syscfg.c.o
                                 0x7f (size before relaxing)
 .comment       0x0000007e       0x7f ./Debug/driver_src_stm32f4xx_usart.c.o
 .comment       0x0000007e       0x7f ./Debug/driver_src_stm32f4xx_rcc.c.o
 .comment       0x0000007e       0x7f ./Debug/driver_src_stm32f4xx_gpio.c.o
 .comment       0x0000007e       0x7f ./Debug/TinyTimber.c.o
 .comment       0x0000007e       0x7f ./Debug/driver_src_stm32f4xx_can.c.o
 .comment       0x0000007e       0x7f ./Debug/driver_src_stm32f4xx_tim.c.o
 .comment       0x0000007e       0x7f ./Debug/application.c.o
 .comment       0x0000007e       0x7f ./Debug/driver_src_stm32f4xx_dac.c.o
 .comment       0x0000007e       0x7f ./Debug/driver_src_stm32f4xx_exti.c.o
 .comment       0x0000007e       0x7f ./Debug/sciTinyTimber.c.o
 .comment       0x0000007e       0x7f ./Debug/canTinyTimber.c.o
 .comment       0x0000007e       0x7f ./Debug/startup.c.o

.ARM.attributes
                0x00000000       0x37
 .ARM.attributes
                0x00000000       0x39 ./Debug/driver_src_stm32f4xx_syscfg.c.o
 .ARM.attributes
                0x00000039       0x39 ./Debug/driver_src_stm32f4xx_usart.c.o
 .ARM.attributes
                0x00000072       0x39 ./Debug/driver_src_stm32f4xx_rcc.c.o
 .ARM.attributes
                0x000000ab       0x39 ./Debug/driver_src_stm32f4xx_gpio.c.o
 .ARM.attributes
                0x000000e4       0x39 ./Debug/TinyTimber.c.o
 .ARM.attributes
                0x0000011d       0x39 ./Debug/driver_src_stm32f4xx_can.c.o
 .ARM.attributes
                0x00000156       0x39 ./Debug/driver_src_stm32f4xx_tim.c.o
 .ARM.attributes
                0x0000018f       0x39 ./Debug/application.c.o
 .ARM.attributes
                0x000001c8       0x39 ./Debug/driver_src_stm32f4xx_dac.c.o
 .ARM.attributes
                0x00000201       0x39 ./Debug/driver_src_stm32f4xx_exti.c.o
 .ARM.attributes
                0x0000023a       0x25 ./Debug/dispatch.s.o
 .ARM.attributes
                0x0000025f       0x39 ./Debug/sciTinyTimber.c.o
 .ARM.attributes
                0x00000298       0x39 ./Debug/canTinyTimber.c.o
 .ARM.attributes
                0x000002d1       0x39 ./Debug/startup.c.o
 .ARM.attributes
                0x0000030a       0x34 c:/cseapp/codelite/tools/gcc-arm/bin/../lib/gcc/arm-none-eabi/7.2.1/../../../../arm-none-eabi/lib/thumb/v7e-m/fpv4-sp/hard\libc_nano.a(lib_a-atoi.o)
 .ARM.attributes
                0x0000033e       0x34 c:/cseapp/codelite/tools/gcc-arm/bin/../lib/gcc/arm-none-eabi/7.2.1/../../../../arm-none-eabi/lib/thumb/v7e-m/fpv4-sp/hard\libc_nano.a(lib_a-snprintf.o)
 .ARM.attributes
                0x00000372       0x34 c:/cseapp/codelite/tools/gcc-arm/bin/../lib/gcc/arm-none-eabi/7.2.1/../../../../arm-none-eabi/lib/thumb/v7e-m/fpv4-sp/hard\libc_nano.a(lib_a-strtol.o)
 .ARM.attributes
                0x000003a6       0x34 c:/cseapp/codelite/tools/gcc-arm/bin/../lib/gcc/arm-none-eabi/7.2.1/../../../../arm-none-eabi/lib/thumb/v7e-m/fpv4-sp/hard\libc_nano.a(lib_a-impure.o)
 .ARM.attributes
                0x000003da       0x34 c:/cseapp/codelite/tools/gcc-arm/bin/../lib/gcc/arm-none-eabi/7.2.1/../../../../arm-none-eabi/lib/thumb/v7e-m/fpv4-sp/hard\libc_nano.a(lib_a-locale.o)
 .ARM.attributes
                0x0000040e       0x34 c:/cseapp/codelite/tools/gcc-arm/bin/../lib/gcc/arm-none-eabi/7.2.1/../../../../arm-none-eabi/lib/thumb/v7e-m/fpv4-sp/hard\libc_nano.a(lib_a-mbtowc_r.o)
 .ARM.attributes
                0x00000442       0x34 c:/cseapp/codelite/tools/gcc-arm/bin/../lib/gcc/arm-none-eabi/7.2.1/../../../../arm-none-eabi/lib/thumb/v7e-m/fpv4-sp/hard\libc_nano.a(lib_a-nano-svfprintf.o)
 .ARM.attributes
                0x00000476       0x34 c:/cseapp/codelite/tools/gcc-arm/bin/../lib/gcc/arm-none-eabi/7.2.1/../../../../arm-none-eabi/lib/thumb/v7e-m/fpv4-sp/hard\libc_nano.a(lib_a-nano-vfprintf_i.o)
 .ARM.attributes
                0x000004aa       0x20 c:/cseapp/codelite/tools/gcc-arm/bin/../lib/gcc/arm-none-eabi/7.2.1/../../../../arm-none-eabi/lib/thumb/v7e-m/fpv4-sp/hard\libc_nano.a(lib_a-strcmp.o)
 .ARM.attributes
                0x000004ca       0x34 c:/cseapp/codelite/tools/gcc-arm/bin/../lib/gcc/arm-none-eabi/7.2.1/../../../../arm-none-eabi/lib/thumb/v7e-m/fpv4-sp/hard\libc_nano.a(lib_a-wctomb_r.o)
 .ARM.attributes
                0x000004fe       0x34 c:/cseapp/codelite/tools/gcc-arm/bin/../lib/gcc/arm-none-eabi/7.2.1/../../../../arm-none-eabi/lib/thumb/v7e-m/fpv4-sp/hard\libc_nano.a(lib_a-ctype_.o)
 .ARM.attributes
                0x00000532       0x20 c:/cseapp/codelite/tools/gcc-arm/bin/../lib/gcc/arm-none-eabi/7.2.1/../../../../arm-none-eabi/lib/thumb/v7e-m/fpv4-sp/hard\libc_nano.a(lib_a-memchr.o)
 .ARM.attributes
                0x00000552       0x34 c:/cseapp/codelite/tools/gcc-arm/bin/../lib/gcc/arm-none-eabi/7.2.1/../../../../arm-none-eabi/lib/thumb/v7e-m/fpv4-sp/hard\libc_nano.a(lib_a-memcpy-stub.o)
 .ARM.attributes
                0x00000586       0x34 c:/cseapp/codelite/tools/gcc-arm/bin/../lib/gcc/arm-none-eabi/7.2.1/../../../../arm-none-eabi/lib/thumb/v7e-m/fpv4-sp/hard\libc_nano.a(lib_a-memmove.o)
 .ARM.attributes
                0x000005ba       0x34 c:/cseapp/codelite/tools/gcc-arm/bin/../lib/gcc/arm-none-eabi/7.2.1/../../../../arm-none-eabi/lib/thumb/v7e-m/fpv4-sp/hard\libc_nano.a(lib_a-nano-freer.o)
 .ARM.attributes
                0x000005ee       0x34 c:/cseapp/codelite/tools/gcc-arm/bin/../lib/gcc/arm-none-eabi/7.2.1/../../../../arm-none-eabi/lib/thumb/v7e-m/fpv4-sp/hard\libc_nano.a(lib_a-nano-mallocr.o)
 .ARM.attributes
                0x00000622       0x34 c:/cseapp/codelite/tools/gcc-arm/bin/../lib/gcc/arm-none-eabi/7.2.1/../../../../arm-none-eabi/lib/thumb/v7e-m/fpv4-sp/hard\libc_nano.a(lib_a-nano-reallocr.o)
 .ARM.attributes
                0x00000656       0x34 c:/cseapp/codelite/tools/gcc-arm/bin/../lib/gcc/arm-none-eabi/7.2.1/../../../../arm-none-eabi/lib/thumb/v7e-m/fpv4-sp/hard\libc_nano.a(lib_a-sbrkr.o)
 .ARM.attributes
                0x0000068a       0x34 c:/cseapp/codelite/tools/gcc-arm/bin/../lib/gcc/arm-none-eabi/7.2.1/../../../../arm-none-eabi/lib/thumb/v7e-m/fpv4-sp/hard\libc_nano.a(lib_a-mlock.o)
 .ARM.attributes
                0x000006be       0x34 c:/cseapp/codelite/tools/gcc-arm/bin/../lib/gcc/arm-none-eabi/7.2.1/../../../../arm-none-eabi/lib/thumb/v7e-m/fpv4-sp/hard\libc_nano.a(lib_a-nano-msizer.o)
 .ARM.attributes
                0x000006f2       0x34 c:/cseapp/codelite/tools/gcc-arm/bin/../lib/gcc/arm-none-eabi/7.2.1/../../../../arm-none-eabi/lib/thumb/v7e-m/fpv4-sp/hard\libc_nano.a(lib_a-reent.o)

.debug_frame    0x00000000     0x34a8
 .debug_frame   0x00000000      0x11c ./Debug/driver_src_stm32f4xx_syscfg.c.o
 .debug_frame   0x0000011c      0x490 ./Debug/driver_src_stm32f4xx_usart.c.o
 .debug_frame   0x000005ac      0x814 ./Debug/driver_src_stm32f4xx_rcc.c.o
 .debug_frame   0x00000dc0      0x23c ./Debug/driver_src_stm32f4xx_gpio.c.o
 .debug_frame   0x00000ffc      0x57c ./Debug/TinyTimber.c.o
 .debug_frame   0x00001578      0x3f4 ./Debug/driver_src_stm32f4xx_can.c.o
 .debug_frame   0x0000196c      0xe54 ./Debug/driver_src_stm32f4xx_tim.c.o
 .debug_frame   0x000027c0       0x98 ./Debug/application.c.o
 .debug_frame   0x00002858      0x2ac ./Debug/driver_src_stm32f4xx_dac.c.o
 .debug_frame   0x00002b04      0x148 ./Debug/driver_src_stm32f4xx_exti.c.o
 .debug_frame   0x00002c4c      0x11c ./Debug/sciTinyTimber.c.o
 .debug_frame   0x00002d68      0x100 ./Debug/canTinyTimber.c.o
 .debug_frame   0x00002e68      0x14c ./Debug/startup.c.o
 .debug_frame   0x00002fb4       0x30 c:/cseapp/codelite/tools/gcc-arm/bin/../lib/gcc/arm-none-eabi/7.2.1/../../../../arm-none-eabi/lib/thumb/v7e-m/fpv4-sp/hard\libc_nano.a(lib_a-atoi.o)
 .debug_frame   0x00002fe4       0x7c c:/cseapp/codelite/tools/gcc-arm/bin/../lib/gcc/arm-none-eabi/7.2.1/../../../../arm-none-eabi/lib/thumb/v7e-m/fpv4-sp/hard\libc_nano.a(lib_a-snprintf.o)
 .debug_frame   0x00003060       0x84 c:/cseapp/codelite/tools/gcc-arm/bin/../lib/gcc/arm-none-eabi/7.2.1/../../../../arm-none-eabi/lib/thumb/v7e-m/fpv4-sp/hard\libc_nano.a(lib_a-strtol.o)
 .debug_frame   0x000030e4       0x68 c:/cseapp/codelite/tools/gcc-arm/bin/../lib/gcc/arm-none-eabi/7.2.1/../../../../arm-none-eabi/lib/thumb/v7e-m/fpv4-sp/hard\libc_nano.a(lib_a-locale.o)
 .debug_frame   0x0000314c       0x48 c:/cseapp/codelite/tools/gcc-arm/bin/../lib/gcc/arm-none-eabi/7.2.1/../../../../arm-none-eabi/lib/thumb/v7e-m/fpv4-sp/hard\libc_nano.a(lib_a-mbtowc_r.o)
 .debug_frame   0x00003194       0x90 c:/cseapp/codelite/tools/gcc-arm/bin/../lib/gcc/arm-none-eabi/7.2.1/../../../../arm-none-eabi/lib/thumb/v7e-m/fpv4-sp/hard\libc_nano.a(lib_a-nano-svfprintf.o)
 .debug_frame   0x00003224       0x60 c:/cseapp/codelite/tools/gcc-arm/bin/../lib/gcc/arm-none-eabi/7.2.1/../../../../arm-none-eabi/lib/thumb/v7e-m/fpv4-sp/hard\libc_nano.a(lib_a-nano-vfprintf_i.o)
 .debug_frame   0x00003284       0x20 c:/cseapp/codelite/tools/gcc-arm/bin/../lib/gcc/arm-none-eabi/7.2.1/../../../../arm-none-eabi/lib/thumb/v7e-m/fpv4-sp/hard\libc_nano.a(lib_a-strcmp.o)
 .debug_frame   0x000032a4       0x3c c:/cseapp/codelite/tools/gcc-arm/bin/../lib/gcc/arm-none-eabi/7.2.1/../../../../arm-none-eabi/lib/thumb/v7e-m/fpv4-sp/hard\libc_nano.a(lib_a-wctomb_r.o)
 .debug_frame   0x000032e0       0x28 c:/cseapp/codelite/tools/gcc-arm/bin/../lib/gcc/arm-none-eabi/7.2.1/../../../../arm-none-eabi/lib/thumb/v7e-m/fpv4-sp/hard\libc_nano.a(lib_a-memcpy-stub.o)
 .debug_frame   0x00003308       0x28 c:/cseapp/codelite/tools/gcc-arm/bin/../lib/gcc/arm-none-eabi/7.2.1/../../../../arm-none-eabi/lib/thumb/v7e-m/fpv4-sp/hard\libc_nano.a(lib_a-memmove.o)
 .debug_frame   0x00003330       0x38 c:/cseapp/codelite/tools/gcc-arm/bin/../lib/gcc/arm-none-eabi/7.2.1/../../../../arm-none-eabi/lib/thumb/v7e-m/fpv4-sp/hard\libc_nano.a(lib_a-nano-freer.o)
 .debug_frame   0x00003368       0x2c c:/cseapp/codelite/tools/gcc-arm/bin/../lib/gcc/arm-none-eabi/7.2.1/../../../../arm-none-eabi/lib/thumb/v7e-m/fpv4-sp/hard\libc_nano.a(lib_a-nano-mallocr.o)
 .debug_frame   0x00003394       0x3c c:/cseapp/codelite/tools/gcc-arm/bin/../lib/gcc/arm-none-eabi/7.2.1/../../../../arm-none-eabi/lib/thumb/v7e-m/fpv4-sp/hard\libc_nano.a(lib_a-nano-reallocr.o)
 .debug_frame   0x000033d0       0x2c c:/cseapp/codelite/tools/gcc-arm/bin/../lib/gcc/arm-none-eabi/7.2.1/../../../../arm-none-eabi/lib/thumb/v7e-m/fpv4-sp/hard\libc_nano.a(lib_a-sbrkr.o)
 .debug_frame   0x000033fc       0x30 c:/cseapp/codelite/tools/gcc-arm/bin/../lib/gcc/arm-none-eabi/7.2.1/../../../../arm-none-eabi/lib/thumb/v7e-m/fpv4-sp/hard\libc_nano.a(lib_a-mlock.o)
 .debug_frame   0x0000342c       0x20 c:/cseapp/codelite/tools/gcc-arm/bin/../lib/gcc/arm-none-eabi/7.2.1/../../../../arm-none-eabi/lib/thumb/v7e-m/fpv4-sp/hard\libc_nano.a(lib_a-nano-msizer.o)
 .debug_frame   0x0000344c       0x5c c:/cseapp/codelite/tools/gcc-arm/bin/../lib/gcc/arm-none-eabi/7.2.1/../../../../arm-none-eabi/lib/thumb/v7e-m/fpv4-sp/hard\libc_nano.a(lib_a-reent.o)

.debug_ranges   0x00000000       0x18
 .debug_ranges  0x00000000       0x18 ./Debug/startup.c.o

Cross Reference Table

Symbol                                            File
ABORT                                             ./Debug/TinyTimber.c.o
CAN_CancelTransmit                                ./Debug/driver_src_stm32f4xx_can.c.o
CAN_ClearFlag                                     ./Debug/driver_src_stm32f4xx_can.c.o
CAN_ClearITPendingBit                             ./Debug/driver_src_stm32f4xx_can.c.o
CAN_DBGFreeze                                     ./Debug/driver_src_stm32f4xx_can.c.o
CAN_DeInit                                        ./Debug/driver_src_stm32f4xx_can.c.o
                                                  ./Debug/startup.c.o
CAN_FIFORelease                                   ./Debug/driver_src_stm32f4xx_can.c.o
CAN_FilterInit                                    ./Debug/driver_src_stm32f4xx_can.c.o
                                                  ./Debug/startup.c.o
CAN_GetFlagStatus                                 ./Debug/driver_src_stm32f4xx_can.c.o
                                                  ./Debug/canTinyTimber.c.o
CAN_GetITStatus                                   ./Debug/driver_src_stm32f4xx_can.c.o
CAN_GetLSBTransmitErrorCounter                    ./Debug/driver_src_stm32f4xx_can.c.o
CAN_GetLastErrorCode                              ./Debug/driver_src_stm32f4xx_can.c.o
CAN_GetReceiveErrorCounter                        ./Debug/driver_src_stm32f4xx_can.c.o
CAN_ITConfig                                      ./Debug/driver_src_stm32f4xx_can.c.o
                                                  ./Debug/canTinyTimber.c.o
CAN_Init                                          ./Debug/driver_src_stm32f4xx_can.c.o
                                                  ./Debug/canTinyTimber.c.o
CAN_MessagePending                                ./Debug/driver_src_stm32f4xx_can.c.o
CAN_OperatingModeRequest                          ./Debug/driver_src_stm32f4xx_can.c.o
CAN_Receive                                       ./Debug/driver_src_stm32f4xx_can.c.o
                                                  ./Debug/canTinyTimber.c.o
CAN_SlaveStartBank                                ./Debug/driver_src_stm32f4xx_can.c.o
CAN_Sleep                                         ./Debug/driver_src_stm32f4xx_can.c.o
CAN_StructInit                                    ./Debug/driver_src_stm32f4xx_can.c.o
                                                  ./Debug/canTinyTimber.c.o
CAN_TTComModeCmd                                  ./Debug/driver_src_stm32f4xx_can.c.o
CAN_Transmit                                      ./Debug/driver_src_stm32f4xx_can.c.o
                                                  ./Debug/canTinyTimber.c.o
CAN_TransmitStatus                                ./Debug/driver_src_stm32f4xx_can.c.o
CAN_WakeUp                                        ./Debug/driver_src_stm32f4xx_can.c.o
CURRENT_OFFSET                                    ./Debug/TinyTimber.c.o
DAC_ClearFlag                                     ./Debug/driver_src_stm32f4xx_dac.c.o
DAC_ClearITPendingBit                             ./Debug/driver_src_stm32f4xx_dac.c.o
DAC_Cmd                                           ./Debug/driver_src_stm32f4xx_dac.c.o
                                                  ./Debug/startup.c.o
DAC_DMACmd                                        ./Debug/driver_src_stm32f4xx_dac.c.o
DAC_DeInit                                        ./Debug/driver_src_stm32f4xx_dac.c.o
                                                  ./Debug/startup.c.o
DAC_DualSoftwareTriggerCmd                        ./Debug/driver_src_stm32f4xx_dac.c.o
DAC_GetDataOutputValue                            ./Debug/driver_src_stm32f4xx_dac.c.o
DAC_GetFlagStatus                                 ./Debug/driver_src_stm32f4xx_dac.c.o
DAC_GetITStatus                                   ./Debug/driver_src_stm32f4xx_dac.c.o
DAC_ITConfig                                      ./Debug/driver_src_stm32f4xx_dac.c.o
DAC_Init                                          ./Debug/driver_src_stm32f4xx_dac.c.o
                                                  ./Debug/startup.c.o
DAC_SetChannel1Data                               ./Debug/driver_src_stm32f4xx_dac.c.o
DAC_SetChannel2Data                               ./Debug/driver_src_stm32f4xx_dac.c.o
                                                  ./Debug/startup.c.o
DAC_SetDualChannelData                            ./Debug/driver_src_stm32f4xx_dac.c.o
DAC_SoftwareTriggerCmd                            ./Debug/driver_src_stm32f4xx_dac.c.o
DAC_StructInit                                    ./Debug/driver_src_stm32f4xx_dac.c.o
                                                  ./Debug/startup.c.o
DAC_WaveGenerationCmd                             ./Debug/driver_src_stm32f4xx_dac.c.o
DUMP                                              ./Debug/TinyTimber.c.o
                                                  ./Debug/canTinyTimber.c.o
                                                  ./Debug/dispatch.s.o
DUMPC                                             ./Debug/TinyTimber.c.o
DUMPD                                             ./Debug/TinyTimber.c.o
                                                  ./Debug/dispatch.s.o
DUMPH                                             ./Debug/TinyTimber.c.o
                                                  ./Debug/dispatch.s.o
EXTI_ClearFlag                                    ./Debug/driver_src_stm32f4xx_exti.c.o
EXTI_ClearITPendingBit                            ./Debug/driver_src_stm32f4xx_exti.c.o
EXTI_DeInit                                       ./Debug/driver_src_stm32f4xx_exti.c.o
                                                  ./Debug/startup.c.o
EXTI_GenerateSWInterrupt                          ./Debug/driver_src_stm32f4xx_exti.c.o
EXTI_GetFlagStatus                                ./Debug/driver_src_stm32f4xx_exti.c.o
EXTI_GetITStatus                                  ./Debug/driver_src_stm32f4xx_exti.c.o
EXTI_Init                                         ./Debug/driver_src_stm32f4xx_exti.c.o
                                                  ./Debug/startup.c.o
EXTI_StructInit                                   ./Debug/driver_src_stm32f4xx_exti.c.o
                                                  ./Debug/startup.c.o
GPIO_DeInit                                       ./Debug/driver_src_stm32f4xx_gpio.c.o
                                                  ./Debug/startup.c.o
GPIO_Init                                         ./Debug/driver_src_stm32f4xx_gpio.c.o
                                                  ./Debug/startup.c.o
GPIO_PinAFConfig                                  ./Debug/driver_src_stm32f4xx_gpio.c.o
                                                  ./Debug/startup.c.o
GPIO_PinLockConfig                                ./Debug/driver_src_stm32f4xx_gpio.c.o
GPIO_ReadInputData                                ./Debug/driver_src_stm32f4xx_gpio.c.o
GPIO_ReadInputDataBit                             ./Debug/driver_src_stm32f4xx_gpio.c.o
GPIO_ReadOutputData                               ./Debug/driver_src_stm32f4xx_gpio.c.o
GPIO_ReadOutputDataBit                            ./Debug/driver_src_stm32f4xx_gpio.c.o
GPIO_ResetBits                                    ./Debug/driver_src_stm32f4xx_gpio.c.o
GPIO_SetBits                                      ./Debug/driver_src_stm32f4xx_gpio.c.o
GPIO_StructInit                                   ./Debug/driver_src_stm32f4xx_gpio.c.o
                                                  ./Debug/startup.c.o
GPIO_ToggleBits                                   ./Debug/driver_src_stm32f4xx_gpio.c.o
GPIO_Write                                        ./Debug/driver_src_stm32f4xx_gpio.c.o
GPIO_WriteBit                                     ./Debug/driver_src_stm32f4xx_gpio.c.o
                                                  ./Debug/startup.c.o
                                                  ./Debug/TinyTimber.c.o
RCC_AHB1PeriphClockCmd                            ./Debug/driver_src_stm32f4xx_rcc.c.o
                                                  ./Debug/startup.c.o
RCC_AHB1PeriphClockLPModeCmd                      ./Debug/driver_src_stm32f4xx_rcc.c.o
RCC_AHB1PeriphResetCmd                            ./Debug/driver_src_stm32f4xx_rcc.c.o
                                                  ./Debug/driver_src_stm32f4xx_gpio.c.o
RCC_AHB2PeriphClockCmd                            ./Debug/driver_src_stm32f4xx_rcc.c.o
RCC_AHB2PeriphClockLPModeCmd                      ./Debug/driver_src_stm32f4xx_rcc.c.o
RCC_AHB2PeriphResetCmd                            ./Debug/driver_src_stm32f4xx_rcc.c.o
RCC_AHB3PeriphClockCmd                            ./Debug/driver_src_stm32f4xx_rcc.c.o
RCC_AHB3PeriphClockLPModeCmd                      ./Debug/driver_src_stm32f4xx_rcc.c.o
RCC_AHB3PeriphResetCmd                            ./Debug/driver_src_stm32f4xx_rcc.c.o
RCC_APB1PeriphClockCmd                            ./Debug/driver_src_stm32f4xx_rcc.c.o
                                                  ./Debug/startup.c.o
RCC_APB1PeriphClockLPModeCmd                      ./Debug/driver_src_stm32f4xx_rcc.c.o
                                                  ./Debug/startup.c.o
RCC_APB1PeriphResetCmd                            ./Debug/driver_src_stm32f4xx_rcc.c.o
                                                  ./Debug/driver_src_stm32f4xx_dac.c.o
                                                  ./Debug/driver_src_stm32f4xx_tim.c.o
                                                  ./Debug/driver_src_stm32f4xx_can.c.o
                                                  ./Debug/driver_src_stm32f4xx_usart.c.o
RCC_APB2PeriphClockCmd                            ./Debug/driver_src_stm32f4xx_rcc.c.o
                                                  ./Debug/startup.c.o
RCC_APB2PeriphClockLPModeCmd                      ./Debug/driver_src_stm32f4xx_rcc.c.o
RCC_APB2PeriphResetCmd                            ./Debug/driver_src_stm32f4xx_rcc.c.o
                                                  ./Debug/driver_src_stm32f4xx_tim.c.o
                                                  ./Debug/driver_src_stm32f4xx_usart.c.o
                                                  ./Debug/driver_src_stm32f4xx_syscfg.c.o
RCC_AdjustHSICalibrationValue                     ./Debug/driver_src_stm32f4xx_rcc.c.o
RCC_BackupResetCmd                                ./Debug/driver_src_stm32f4xx_rcc.c.o
RCC_ClearFlag                                     ./Debug/driver_src_stm32f4xx_rcc.c.o
RCC_ClearITPendingBit                             ./Debug/driver_src_stm32f4xx_rcc.c.o
RCC_ClockSecuritySystemCmd                        ./Debug/driver_src_stm32f4xx_rcc.c.o
RCC_DeInit                                        ./Debug/driver_src_stm32f4xx_rcc.c.o
RCC_GetClocksFreq                                 ./Debug/driver_src_stm32f4xx_rcc.c.o
                                                  ./Debug/driver_src_stm32f4xx_usart.c.o
RCC_GetFlagStatus                                 ./Debug/driver_src_stm32f4xx_rcc.c.o
RCC_GetITStatus                                   ./Debug/driver_src_stm32f4xx_rcc.c.o
RCC_GetSYSCLKSource                               ./Debug/driver_src_stm32f4xx_rcc.c.o
RCC_HCLKConfig                                    ./Debug/driver_src_stm32f4xx_rcc.c.o
RCC_HSEConfig                                     ./Debug/driver_src_stm32f4xx_rcc.c.o
RCC_HSICmd                                        ./Debug/driver_src_stm32f4xx_rcc.c.o
RCC_I2SCLKConfig                                  ./Debug/driver_src_stm32f4xx_rcc.c.o
RCC_ITConfig                                      ./Debug/driver_src_stm32f4xx_rcc.c.o
RCC_LSEConfig                                     ./Debug/driver_src_stm32f4xx_rcc.c.o
RCC_LSICmd                                        ./Debug/driver_src_stm32f4xx_rcc.c.o
RCC_LTDCCLKDivConfig                              ./Debug/driver_src_stm32f4xx_rcc.c.o
RCC_MCO1Config                                    ./Debug/driver_src_stm32f4xx_rcc.c.o
RCC_MCO2Config                                    ./Debug/driver_src_stm32f4xx_rcc.c.o
RCC_PCLK1Config                                   ./Debug/driver_src_stm32f4xx_rcc.c.o
RCC_PCLK2Config                                   ./Debug/driver_src_stm32f4xx_rcc.c.o
RCC_PLLCmd                                        ./Debug/driver_src_stm32f4xx_rcc.c.o
RCC_PLLConfig                                     ./Debug/driver_src_stm32f4xx_rcc.c.o
RCC_PLLI2SCmd                                     ./Debug/driver_src_stm32f4xx_rcc.c.o
RCC_PLLI2SConfig                                  ./Debug/driver_src_stm32f4xx_rcc.c.o
RCC_PLLSAICmd                                     ./Debug/driver_src_stm32f4xx_rcc.c.o
RCC_PLLSAIConfig                                  ./Debug/driver_src_stm32f4xx_rcc.c.o
RCC_RTCCLKCmd                                     ./Debug/driver_src_stm32f4xx_rcc.c.o
RCC_RTCCLKConfig                                  ./Debug/driver_src_stm32f4xx_rcc.c.o
RCC_SAIBlockACLKConfig                            ./Debug/driver_src_stm32f4xx_rcc.c.o
RCC_SAIBlockBCLKConfig                            ./Debug/driver_src_stm32f4xx_rcc.c.o
RCC_SAIPLLI2SClkDivConfig                         ./Debug/driver_src_stm32f4xx_rcc.c.o
RCC_SAIPLLSAIClkDivConfig                         ./Debug/driver_src_stm32f4xx_rcc.c.o
RCC_SYSCLKConfig                                  ./Debug/driver_src_stm32f4xx_rcc.c.o
RCC_TIMCLKPresConfig                              ./Debug/driver_src_stm32f4xx_rcc.c.o
RCC_WaitForHSEStartUp                             ./Debug/driver_src_stm32f4xx_rcc.c.o
SETPC                                             ./Debug/TinyTimber.c.o
SETSTACK                                          ./Debug/TinyTimber.c.o
SYSCFG_CompensationCellCmd                        ./Debug/driver_src_stm32f4xx_syscfg.c.o
SYSCFG_DeInit                                     ./Debug/driver_src_stm32f4xx_syscfg.c.o
SYSCFG_ETH_MediaInterfaceConfig                   ./Debug/driver_src_stm32f4xx_syscfg.c.o
SYSCFG_EXTILineConfig                             ./Debug/driver_src_stm32f4xx_syscfg.c.o
                                                  ./Debug/startup.c.o
SYSCFG_GetCompensationCellStatus                  ./Debug/driver_src_stm32f4xx_syscfg.c.o
SYSCFG_MemoryRemapConfig                          ./Debug/driver_src_stm32f4xx_syscfg.c.o
SYSCFG_MemorySwappingBank                         ./Debug/driver_src_stm32f4xx_syscfg.c.o
TIMER_INIT                                        ./Debug/TinyTimber.c.o
TIM_ARRPreloadConfig                              ./Debug/driver_src_stm32f4xx_tim.c.o
TIM_BDTRConfig                                    ./Debug/driver_src_stm32f4xx_tim.c.o
TIM_BDTRStructInit                                ./Debug/driver_src_stm32f4xx_tim.c.o
TIM_CCPreloadControl                              ./Debug/driver_src_stm32f4xx_tim.c.o
TIM_CCxCmd                                        ./Debug/driver_src_stm32f4xx_tim.c.o
TIM_CCxNCmd                                       ./Debug/driver_src_stm32f4xx_tim.c.o
TIM_ClearFlag                                     ./Debug/driver_src_stm32f4xx_tim.c.o
TIM_ClearITPendingBit                             ./Debug/driver_src_stm32f4xx_tim.c.o
                                                  ./Debug/TinyTimber.c.o
TIM_ClearOC1Ref                                   ./Debug/driver_src_stm32f4xx_tim.c.o
TIM_ClearOC2Ref                                   ./Debug/driver_src_stm32f4xx_tim.c.o
TIM_ClearOC3Ref                                   ./Debug/driver_src_stm32f4xx_tim.c.o
TIM_ClearOC4Ref                                   ./Debug/driver_src_stm32f4xx_tim.c.o
TIM_Cmd                                           ./Debug/driver_src_stm32f4xx_tim.c.o
                                                  ./Debug/TinyTimber.c.o
TIM_CounterModeConfig                             ./Debug/driver_src_stm32f4xx_tim.c.o
TIM_CtrlPWMOutputs                                ./Debug/driver_src_stm32f4xx_tim.c.o
TIM_DMACmd                                        ./Debug/driver_src_stm32f4xx_tim.c.o
TIM_DMAConfig                                     ./Debug/driver_src_stm32f4xx_tim.c.o
TIM_DeInit                                        ./Debug/driver_src_stm32f4xx_tim.c.o
                                                  ./Debug/TinyTimber.c.o
TIM_ETRClockMode1Config                           ./Debug/driver_src_stm32f4xx_tim.c.o
TIM_ETRClockMode2Config                           ./Debug/driver_src_stm32f4xx_tim.c.o
TIM_ETRConfig                                     ./Debug/driver_src_stm32f4xx_tim.c.o
TIM_EncoderInterfaceConfig                        ./Debug/driver_src_stm32f4xx_tim.c.o
TIM_ForcedOC1Config                               ./Debug/driver_src_stm32f4xx_tim.c.o
TIM_ForcedOC2Config                               ./Debug/driver_src_stm32f4xx_tim.c.o
TIM_ForcedOC3Config                               ./Debug/driver_src_stm32f4xx_tim.c.o
TIM_ForcedOC4Config                               ./Debug/driver_src_stm32f4xx_tim.c.o
TIM_GenerateEvent                                 ./Debug/driver_src_stm32f4xx_tim.c.o
TIM_GetCapture1                                   ./Debug/driver_src_stm32f4xx_tim.c.o
TIM_GetCapture2                                   ./Debug/driver_src_stm32f4xx_tim.c.o
TIM_GetCapture3                                   ./Debug/driver_src_stm32f4xx_tim.c.o
TIM_GetCapture4                                   ./Debug/driver_src_stm32f4xx_tim.c.o
TIM_GetCounter                                    ./Debug/driver_src_stm32f4xx_tim.c.o
                                                  ./Debug/TinyTimber.c.o
TIM_GetFlagStatus                                 ./Debug/driver_src_stm32f4xx_tim.c.o
TIM_GetITStatus                                   ./Debug/driver_src_stm32f4xx_tim.c.o
TIM_GetPrescaler                                  ./Debug/driver_src_stm32f4xx_tim.c.o
TIM_ICInit                                        ./Debug/driver_src_stm32f4xx_tim.c.o
TIM_ICStructInit                                  ./Debug/driver_src_stm32f4xx_tim.c.o
TIM_ITConfig                                      ./Debug/driver_src_stm32f4xx_tim.c.o
                                                  ./Debug/TinyTimber.c.o
TIM_ITRxExternalClockConfig                       ./Debug/driver_src_stm32f4xx_tim.c.o
TIM_InternalClockConfig                           ./Debug/driver_src_stm32f4xx_tim.c.o
TIM_OC1FastConfig                                 ./Debug/driver_src_stm32f4xx_tim.c.o
TIM_OC1Init                                       ./Debug/driver_src_stm32f4xx_tim.c.o
TIM_OC1NPolarityConfig                            ./Debug/driver_src_stm32f4xx_tim.c.o
TIM_OC1PolarityConfig                             ./Debug/driver_src_stm32f4xx_tim.c.o
TIM_OC1PreloadConfig                              ./Debug/driver_src_stm32f4xx_tim.c.o
TIM_OC2FastConfig                                 ./Debug/driver_src_stm32f4xx_tim.c.o
TIM_OC2Init                                       ./Debug/driver_src_stm32f4xx_tim.c.o
TIM_OC2NPolarityConfig                            ./Debug/driver_src_stm32f4xx_tim.c.o
TIM_OC2PolarityConfig                             ./Debug/driver_src_stm32f4xx_tim.c.o
TIM_OC2PreloadConfig                              ./Debug/driver_src_stm32f4xx_tim.c.o
TIM_OC3FastConfig                                 ./Debug/driver_src_stm32f4xx_tim.c.o
TIM_OC3Init                                       ./Debug/driver_src_stm32f4xx_tim.c.o
TIM_OC3NPolarityConfig                            ./Debug/driver_src_stm32f4xx_tim.c.o
TIM_OC3PolarityConfig                             ./Debug/driver_src_stm32f4xx_tim.c.o
TIM_OC3PreloadConfig                              ./Debug/driver_src_stm32f4xx_tim.c.o
TIM_OC4FastConfig                                 ./Debug/driver_src_stm32f4xx_tim.c.o
TIM_OC4Init                                       ./Debug/driver_src_stm32f4xx_tim.c.o
TIM_OC4PolarityConfig                             ./Debug/driver_src_stm32f4xx_tim.c.o
TIM_OC4PreloadConfig                              ./Debug/driver_src_stm32f4xx_tim.c.o
TIM_OCStructInit                                  ./Debug/driver_src_stm32f4xx_tim.c.o
TIM_PWMIConfig                                    ./Debug/driver_src_stm32f4xx_tim.c.o
TIM_PrescalerConfig                               ./Debug/driver_src_stm32f4xx_tim.c.o
TIM_RemapConfig                                   ./Debug/driver_src_stm32f4xx_tim.c.o
TIM_SelectCCDMA                                   ./Debug/driver_src_stm32f4xx_tim.c.o
TIM_SelectCOM                                     ./Debug/driver_src_stm32f4xx_tim.c.o
TIM_SelectHallSensor                              ./Debug/driver_src_stm32f4xx_tim.c.o
TIM_SelectInputTrigger                            ./Debug/driver_src_stm32f4xx_tim.c.o
TIM_SelectMasterSlaveMode                         ./Debug/driver_src_stm32f4xx_tim.c.o
TIM_SelectOCxM                                    ./Debug/driver_src_stm32f4xx_tim.c.o
TIM_SelectOnePulseMode                            ./Debug/driver_src_stm32f4xx_tim.c.o
TIM_SelectOutputTrigger                           ./Debug/driver_src_stm32f4xx_tim.c.o
TIM_SelectSlaveMode                               ./Debug/driver_src_stm32f4xx_tim.c.o
TIM_SetAutoreload                                 ./Debug/driver_src_stm32f4xx_tim.c.o
TIM_SetClockDivision                              ./Debug/driver_src_stm32f4xx_tim.c.o
TIM_SetCompare1                                   ./Debug/driver_src_stm32f4xx_tim.c.o
                                                  ./Debug/TinyTimber.c.o
TIM_SetCompare2                                   ./Debug/driver_src_stm32f4xx_tim.c.o
TIM_SetCompare3                                   ./Debug/driver_src_stm32f4xx_tim.c.o
TIM_SetCompare4                                   ./Debug/driver_src_stm32f4xx_tim.c.o
TIM_SetCounter                                    ./Debug/driver_src_stm32f4xx_tim.c.o
                                                  ./Debug/TinyTimber.c.o
TIM_SetIC1Prescaler                               ./Debug/driver_src_stm32f4xx_tim.c.o
TIM_SetIC2Prescaler                               ./Debug/driver_src_stm32f4xx_tim.c.o
TIM_SetIC3Prescaler                               ./Debug/driver_src_stm32f4xx_tim.c.o
TIM_SetIC4Prescaler                               ./Debug/driver_src_stm32f4xx_tim.c.o
TIM_TIxExternalClockConfig                        ./Debug/driver_src_stm32f4xx_tim.c.o
TIM_TimeBaseInit                                  ./Debug/driver_src_stm32f4xx_tim.c.o
                                                  ./Debug/TinyTimber.c.o
TIM_TimeBaseStructInit                            ./Debug/driver_src_stm32f4xx_tim.c.o
                                                  ./Debug/TinyTimber.c.o
TIM_UpdateDisableConfig                           ./Debug/driver_src_stm32f4xx_tim.c.o
TIM_UpdateRequestConfig                           ./Debug/driver_src_stm32f4xx_tim.c.o
T_RESET                                           ./Debug/TinyTimber.c.o
T_SAMPLE                                          ./Debug/TinyTimber.c.o
USART_ClearFlag                                   ./Debug/driver_src_stm32f4xx_usart.c.o
USART_ClearITPendingBit                           ./Debug/driver_src_stm32f4xx_usart.c.o
USART_ClockInit                                   ./Debug/driver_src_stm32f4xx_usart.c.o
USART_ClockStructInit                             ./Debug/driver_src_stm32f4xx_usart.c.o
USART_Cmd                                         ./Debug/driver_src_stm32f4xx_usart.c.o
USART_DMACmd                                      ./Debug/driver_src_stm32f4xx_usart.c.o
USART_DeInit                                      ./Debug/driver_src_stm32f4xx_usart.c.o
USART_GetFlagStatus                               ./Debug/driver_src_stm32f4xx_usart.c.o
                                                  ./Debug/sciTinyTimber.c.o
                                                  ./Debug/TinyTimber.c.o
USART_GetITStatus                                 ./Debug/driver_src_stm32f4xx_usart.c.o
USART_HalfDuplexCmd                               ./Debug/driver_src_stm32f4xx_usart.c.o
USART_ITConfig                                    ./Debug/driver_src_stm32f4xx_usart.c.o
                                                  ./Debug/sciTinyTimber.c.o
USART_Init                                        ./Debug/driver_src_stm32f4xx_usart.c.o
USART_IrDACmd                                     ./Debug/driver_src_stm32f4xx_usart.c.o
USART_IrDAConfig                                  ./Debug/driver_src_stm32f4xx_usart.c.o
USART_LINBreakDetectLengthConfig                  ./Debug/driver_src_stm32f4xx_usart.c.o
USART_LINCmd                                      ./Debug/driver_src_stm32f4xx_usart.c.o
USART_OneBitMethodCmd                             ./Debug/driver_src_stm32f4xx_usart.c.o
USART_OverSampling8Cmd                            ./Debug/driver_src_stm32f4xx_usart.c.o
USART_ReceiveData                                 ./Debug/driver_src_stm32f4xx_usart.c.o
                                                  ./Debug/sciTinyTimber.c.o
USART_ReceiverWakeUpCmd                           ./Debug/driver_src_stm32f4xx_usart.c.o
USART_SendBreak                                   ./Debug/driver_src_stm32f4xx_usart.c.o
USART_SendData                                    ./Debug/driver_src_stm32f4xx_usart.c.o
                                                  ./Debug/sciTinyTimber.c.o
                                                  ./Debug/TinyTimber.c.o
USART_SetAddress                                  ./Debug/driver_src_stm32f4xx_usart.c.o
USART_SetGuardTime                                ./Debug/driver_src_stm32f4xx_usart.c.o
USART_SetPrescaler                                ./Debug/driver_src_stm32f4xx_usart.c.o
USART_SmartCardCmd                                ./Debug/driver_src_stm32f4xx_usart.c.o
USART_SmartCardNACKCmd                            ./Debug/driver_src_stm32f4xx_usart.c.o
USART_StructInit                                  ./Debug/driver_src_stm32f4xx_usart.c.o
USART_WakeUpConfig                                ./Debug/driver_src_stm32f4xx_usart.c.o
_PathLocale                                       c:/cseapp/codelite/tools/gcc-arm/bin/../lib/gcc/arm-none-eabi/7.2.1/../../../../arm-none-eabi/lib/thumb/v7e-m/fpv4-sp/hard\libc_nano.a(lib_a-locale.o)
__ascii_mbtowc                                    c:/cseapp/codelite/tools/gcc-arm/bin/../lib/gcc/arm-none-eabi/7.2.1/../../../../arm-none-eabi/lib/thumb/v7e-m/fpv4-sp/hard\libc_nano.a(lib_a-mbtowc_r.o)
                                                  c:/cseapp/codelite/tools/gcc-arm/bin/../lib/gcc/arm-none-eabi/7.2.1/../../../../arm-none-eabi/lib/thumb/v7e-m/fpv4-sp/hard\libc_nano.a(lib_a-locale.o)
__ascii_wctomb                                    c:/cseapp/codelite/tools/gcc-arm/bin/../lib/gcc/arm-none-eabi/7.2.1/../../../../arm-none-eabi/lib/thumb/v7e-m/fpv4-sp/hard\libc_nano.a(lib_a-wctomb_r.o)
                                                  c:/cseapp/codelite/tools/gcc-arm/bin/../lib/gcc/arm-none-eabi/7.2.1/../../../../arm-none-eabi/lib/thumb/v7e-m/fpv4-sp/hard\libc_nano.a(lib_a-locale.o)
__global_locale                                   c:/cseapp/codelite/tools/gcc-arm/bin/../lib/gcc/arm-none-eabi/7.2.1/../../../../arm-none-eabi/lib/thumb/v7e-m/fpv4-sp/hard\libc_nano.a(lib_a-locale.o)
                                                  c:/cseapp/codelite/tools/gcc-arm/bin/../lib/gcc/arm-none-eabi/7.2.1/../../../../arm-none-eabi/lib/thumb/v7e-m/fpv4-sp/hard\libc_nano.a(lib_a-wctomb_r.o)
                                                  c:/cseapp/codelite/tools/gcc-arm/bin/../lib/gcc/arm-none-eabi/7.2.1/../../../../arm-none-eabi/lib/thumb/v7e-m/fpv4-sp/hard\libc_nano.a(lib_a-mbtowc_r.o)
                                                  c:/cseapp/codelite/tools/gcc-arm/bin/../lib/gcc/arm-none-eabi/7.2.1/../../../../arm-none-eabi/lib/thumb/v7e-m/fpv4-sp/hard\libc_nano.a(lib_a-strtol.o)
__heap_end                                        ./Debug/TinyTimber.c.o
__locale_ctype_ptr                                c:/cseapp/codelite/tools/gcc-arm/bin/../lib/gcc/arm-none-eabi/7.2.1/../../../../arm-none-eabi/lib/thumb/v7e-m/fpv4-sp/hard\libc_nano.a(lib_a-locale.o)
__locale_ctype_ptr_l                              c:/cseapp/codelite/tools/gcc-arm/bin/../lib/gcc/arm-none-eabi/7.2.1/../../../../arm-none-eabi/lib/thumb/v7e-m/fpv4-sp/hard\libc_nano.a(lib_a-locale.o)
                                                  c:/cseapp/codelite/tools/gcc-arm/bin/../lib/gcc/arm-none-eabi/7.2.1/../../../../arm-none-eabi/lib/thumb/v7e-m/fpv4-sp/hard\libc_nano.a(lib_a-strtol.o)
__locale_mb_cur_max                               c:/cseapp/codelite/tools/gcc-arm/bin/../lib/gcc/arm-none-eabi/7.2.1/../../../../arm-none-eabi/lib/thumb/v7e-m/fpv4-sp/hard\libc_nano.a(lib_a-locale.o)
__malloc_free_list                                c:/cseapp/codelite/tools/gcc-arm/bin/../lib/gcc/arm-none-eabi/7.2.1/../../../../arm-none-eabi/lib/thumb/v7e-m/fpv4-sp/hard\libc_nano.a(lib_a-nano-mallocr.o)
                                                  c:/cseapp/codelite/tools/gcc-arm/bin/../lib/gcc/arm-none-eabi/7.2.1/../../../../arm-none-eabi/lib/thumb/v7e-m/fpv4-sp/hard\libc_nano.a(lib_a-nano-freer.o)
__malloc_lock                                     c:/cseapp/codelite/tools/gcc-arm/bin/../lib/gcc/arm-none-eabi/7.2.1/../../../../arm-none-eabi/lib/thumb/v7e-m/fpv4-sp/hard\libc_nano.a(lib_a-mlock.o)